04:40:55 **** Build of configuration Debug for project STM32F103C6 ****
make -j6 all 
arm-none-eabi-gcc -gdwarf-2 -mcpu=cortex-m3 -g3 -DDEBUG -c -x assembler-with-cpp -MMD -MP -MF"Startup/startup_stm32f103c6tx.d" -MT"Startup/startup_stm32f103c6tx.o" --specs=nano.specs -mfloat-abi=soft -mthumb -o "Startup/startup_stm32f103c6tx.o" "../Startup/startup_stm32f103c6tx.s"
arm-none-eabi-gcc -gdwarf-2 "../Src/main.c" -mcpu=cortex-m3 -std=gnu11 -g3 -DDEBUG -DSTM32 -DSTM32F1 -DSTM32F103C6Tx -c -I../Inc -O0 -ffunction-sections -fdata-sections -Wall -fstack-usage -MMD -MP -MF"Src/main.d" -MT"Src/main.o" --specs=nano.specs -mfloat-abi=soft -mthumb -o "Src/main.o"
arm-none-eabi-gcc -gdwarf-2 "../Src/syscalls.c" -mcpu=cortex-m3 -std=gnu11 -g3 -DDEBUG -DSTM32 -DSTM32F1 -DSTM32F103C6Tx -c -I../Inc -O0 -ffunction-sections -fdata-sections -Wall -fstack-usage -MMD -MP -MF"Src/syscalls.d" -MT"Src/syscalls.o" --specs=nano.specs -mfloat-abi=soft -mthumb -o "Src/syscalls.o"
arm-none-eabi-gcc -gdwarf-2 "../Src/sysmem.c" -mcpu=cortex-m3 -std=gnu11 -g3 -DDEBUG -DSTM32 -DSTM32F1 -DSTM32F103C6Tx -c -I../Inc -O0 -ffunction-sections -fdata-sections -Wall -fstack-usage -MMD -MP -MF"Src/sysmem.d" -MT"Src/sysmem.o" --specs=nano.specs -mfloat-abi=soft -mthumb -o "Src/sysmem.o"
arm-none-eabi-gcc -gdwarf-2 "../GPIO/gpio.c" -mcpu=cortex-m3 -std=gnu11 -g3 -DDEBUG -DSTM32 -DSTM32F1 -DSTM32F103C6Tx -c -I../Inc -O0 -ffunction-sections -fdata-sections -Wall -fstack-usage -MMD -MP -MF"GPIO/gpio.d" -MT"GPIO/gpio.o" --specs=nano.specs -mfloat-abi=soft -mthumb -o "GPIO/gpio.o"
arm-none-eabi-gcc -gdwarf-2 -o "STM32F103C6.elf" @"objects.list"   -mcpu=cortex-m3 -T"F:\Git_Hub\Embedded-Systems\Embedded-Systems\Drivers\STM32F103C6\STM32F103C6TX_FLASH.ld" --specs=nosys.specs -Wl,-Map="STM32F103C6.map" -Wl,--gc-sections -static --specs=nano.specs -mfloat-abi=soft -mthumb -Wl,--start-group -lc -lm -Wl,--end-group
Finished building target: STM32F103C6.elf
 
arm-none-eabi-size   STM32F103C6.elf 
arm-none-eabi-objdump -h -S  STM32F103C6.elf  > "STM32F103C6.list"
   text	   data	    bss	    dec	    hex	filename
    556	      8	   1568	   2132	    854	STM32F103C6.elf
Finished building: default.size.stdout
 
Finished building: STM32F103C6.list
 
04:43:44 **** Incremental Build of configuration Debug for project STM32F103C6 ****
make -j6 all 
arm-none-eabi-size   STM32F103C6.elf 
   text	   data	    bss	    dec	    hex	filename
    556	      8	   1568	   2132	    854	STM32F103C6.elf
Finished building: default.size.stdout
 
02:34:17 **** Incremental Build of configuration Debug for project STM32F103C6 ****
make -j6 all 
arm-none-eabi-gcc -gdwarf-2 "../Src/main.c" -mcpu=cortex-m3 -std=gnu11 -g3 -DDEBUG -DSTM32 -DSTM32F1 -DSTM32F103C6Tx -c -I../Inc -O0 -ffunction-sections -fdata-sections -Wall -fstack-usage -MMD -MP -MF"Src/main.d" -MT"Src/main.o" --specs=nano.specs -mfloat-abi=soft -mthumb -o "Src/main.o"
arm-none-eabi-gcc -gdwarf-2 -o "STM32F103C6.elf" @"objects.list"   -mcpu=cortex-m3 -T"F:\Git_Hub\Embedded-Systems\Embedded-Systems\Drivers\STM32F103C6\STM32F103C6TX_FLASH.ld" --specs=nosys.specs -Wl,-Map="STM32F103C6.map" -Wl,--gc-sections -static --specs=nano.specs -mfloat-abi=soft -mthumb -Wl,--start-group -lc -lm -Wl,--end-group
Finished building target: STM32F103C6.elf
 
arm-none-eabi-size   STM32F103C6.elf 
arm-none-eabi-objdump -h -S  STM32F103C6.elf  > "STM32F103C6.list"
   text	   data	    bss	    dec	    hex	filename
    556	      8	   1568	   2132	    854	STM32F103C6.elf
Finished building: default.size.stdout
 
Finished building: STM32F103C6.list
 
02:54:23 **** Incremental Build of configuration Debug for project STM32F103C6 ****
make -j6 all 
arm-none-eabi-gcc -gdwarf-2 "../Src/main.c" -mcpu=cortex-m3 -std=gnu11 -g3 -DDEBUG -DSTM32 -DSTM32F1 -DSTM32F103C6Tx -c -I../Inc -O0 -ffunction-sections -fdata-sections -Wall -fstack-usage -MMD -MP -MF"Src/main.d" -MT"Src/main.o" --specs=nano.specs -mfloat-abi=soft -mthumb -o "Src/main.o"
arm-none-eabi-gcc -gdwarf-2 "../GPIO/gpio.c" -mcpu=cortex-m3 -std=gnu11 -g3 -DDEBUG -DSTM32 -DSTM32F1 -DSTM32F103C6Tx -c -I../Inc -O0 -ffunction-sections -fdata-sections -Wall -fstack-usage -MMD -MP -MF"GPIO/gpio.d" -MT"GPIO/gpio.o" --specs=nano.specs -mfloat-abi=soft -mthumb -o "GPIO/gpio.o"
In file included from ../Src/main.c:25:
../Inc/gpio.h:119:1: warning: "/*" within comment [-Wcomment]
  119 | /*================================================================================================*/
      |  
In file included from ../Inc/gpio.h:15,
                 from ../GPIO/gpio.c:9:
../Inc/STM32F103x6.h:81:2: error: unknown type name 'uint32_t'
   81 |  uint32_t  RESERVED0;
      |  ^~~~~~~~
In file included from ../GPIO/gpio.c:9:
../Inc/gpio.h:29:2: error: unknown type name 'uint8_t'
   29 |  uint8_t GPIO_Mode;   //mode of GPIO selected pins
      |  ^~~~~~~
../Inc/gpio.h:32:2: error: unknown type name 'uint8_t'
   32 |  uint8_t GPIO_Speed;   //GPIO PIN output speed
      |  ^~~~~~~
../Inc/gpio.h:119:1: warning: "/*" within comment [-Wcomment]
  119 | /*================================================================================================*/
      |  
../Inc/gpio.h:126:47: error: unknown type name 'uint16_t'; did you mean 'uint16'?
  126 | uint8 MCAL_GPIO_ReadPIN (GPIO_TypeDef* GPIOx ,uint16_t PIN_Number);
      |                                               ^~~~~~~~
      |                                               uint16
../Inc/gpio.h:136:1: error: unknown type name 'uint8_t'; did you mean 'uint8'?
  136 | uint8_t  MCAL_GPIO_LockPIN (GPIO_TypeDef* GPIOx ,uint16 PIN_Number);
      | ^~~~~~~
      | uint8
../GPIO/gpio.c:64:1: warning: "/*" within comment [-Wcomment]
   64 | /*================================================================================================*/
      |  
../GPIO/gpio.c: In function 'MCAL_GPIO_init':
../GPIO/gpio.c:68:17: error: 'f' undeclared (first use in this function)
   68 |  configReg &= ~(f<<getPINPos(PINConfig->GPIO_PINNumber));
      |                 ^
../GPIO/gpio.c:68:17: note: each undeclared identifier is reported only once for each function it appears in
../GPIO/gpio.c:67:10: warning: variable 'configReg' set but not used [-Wunused-but-set-variable]
   67 |  vuint32 configReg = (PINConfig->GPIO_PINNumber<8)?GPIOx->CRL:GPIOx->CRH;
      |          ^~~~~~~~~
make: *** [GPIO/subdir.mk:19: GPIO/gpio.o] Error 1
"make -j6 all" terminated with exit code 2. Build might be incomplete.
02:54:42 **** Incremental Build of configuration Debug for project STM32F103C6 ****
make -j6 all 
arm-none-eabi-gcc -gdwarf-2 "../GPIO/gpio.c" -mcpu=cortex-m3 -std=gnu11 -g3 -DDEBUG -DSTM32 -DSTM32F1 -DSTM32F103C6Tx -c -I../Inc -O0 -ffunction-sections -fdata-sections -Wall -fstack-usage -MMD -MP -MF"GPIO/gpio.d" -MT"GPIO/gpio.o" --specs=nano.specs -mfloat-abi=soft -mthumb -o "GPIO/gpio.o"
In file included from ../Inc/gpio.h:15,
                 from ../GPIO/gpio.c:9:
../Inc/STM32F103x6.h:81:2: error: unknown type name 'uint32_t'
   81 |  uint32_t  RESERVED0;
      |  ^~~~~~~~
In file included from ../GPIO/gpio.c:9:
../Inc/gpio.h:29:2: error: unknown type name 'uint8_t'
   29 |  uint8_t GPIO_Mode;   //mode of GPIO selected pins
      |  ^~~~~~~
../Inc/gpio.h:32:2: error: unknown type name 'uint8_t'
   32 |  uint8_t GPIO_Speed;   //GPIO PIN output speed
      |  ^~~~~~~
../Inc/gpio.h:119:1: warning: "/*" within comment [-Wcomment]
  119 | /*================================================================================================*/
      |  
../Inc/gpio.h:126:47: error: unknown type name 'uint16_t'; did you mean 'uint16'?
  126 | uint8 MCAL_GPIO_ReadPIN (GPIO_TypeDef* GPIOx ,uint16_t PIN_Number);
      |                                               ^~~~~~~~
      |                                               uint16
../Inc/gpio.h:136:1: error: unknown type name 'uint8_t'; did you mean 'uint8'?
  136 | uint8_t  MCAL_GPIO_LockPIN (GPIO_TypeDef* GPIOx ,uint16 PIN_Number);
      | ^~~~~~~
      | uint8
../GPIO/gpio.c:64:1: warning: "/*" within comment [-Wcomment]
   64 | /*================================================================================================*/
      |  
make: *** [GPIO/subdir.mk:19: GPIO/gpio.o] Error 1
"make -j6 all" terminated with exit code 2. Build might be incomplete.
02:55:10 **** Incremental Build of configuration Debug for project STM32F103C6 ****
make -j6 all 
arm-none-eabi-gcc -gdwarf-2 "../Src/main.c" -mcpu=cortex-m3 -std=gnu11 -g3 -DDEBUG -DSTM32 -DSTM32F1 -DSTM32F103C6Tx -c -I../Inc -O0 -ffunction-sections -fdata-sections -Wall -fstack-usage -MMD -MP -MF"Src/main.d" -MT"Src/main.o" --specs=nano.specs -mfloat-abi=soft -mthumb -o "Src/main.o"
arm-none-eabi-gcc -gdwarf-2 "../GPIO/gpio.c" -mcpu=cortex-m3 -std=gnu11 -g3 -DDEBUG -DSTM32 -DSTM32F1 -DSTM32F103C6Tx -c -I../Inc -O0 -ffunction-sections -fdata-sections -Wall -fstack-usage -MMD -MP -MF"GPIO/gpio.d" -MT"GPIO/gpio.o" --specs=nano.specs -mfloat-abi=soft -mthumb -o "GPIO/gpio.o"
In file included from ../Src/main.c:25:
../Inc/gpio.h:119:1: warning: "/*" within comment [-Wcomment]
  119 | /*================================================================================================*/
      |  
In file included from ../GPIO/gpio.c:9:
../Inc/gpio.h:29:2: error: unknown type name 'uint8_t'
   29 |  uint8_t GPIO_Mode;   //mode of GPIO selected pins
      |  ^~~~~~~
../Inc/gpio.h:32:2: error: unknown type name 'uint8_t'
   32 |  uint8_t GPIO_Speed;   //GPIO PIN output speed
      |  ^~~~~~~
../Inc/gpio.h:119:1: warning: "/*" within comment [-Wcomment]
  119 | /*================================================================================================*/
      |  
../Inc/gpio.h:126:47: error: unknown type name 'uint16_t'; did you mean 'uint16'?
  126 | uint8 MCAL_GPIO_ReadPIN (GPIO_TypeDef* GPIOx ,uint16_t PIN_Number);
      |                                               ^~~~~~~~
      |                                               uint16
../Inc/gpio.h:136:1: error: unknown type name 'uint8_t'; did you mean 'uint8'?
  136 | uint8_t  MCAL_GPIO_LockPIN (GPIO_TypeDef* GPIOx ,uint16 PIN_Number);
      | ^~~~~~~
      | uint8
../GPIO/gpio.c:64:1: warning: "/*" within comment [-Wcomment]
   64 | /*================================================================================================*/
      |  
make: *** [GPIO/subdir.mk:19: GPIO/gpio.o] Error 1
"make -j6 all" terminated with exit code 2. Build might be incomplete.
02:55:41 **** Incremental Build of configuration Debug for project STM32F103C6 ****
make -j6 all 
arm-none-eabi-gcc -gdwarf-2 "../Src/main.c" -mcpu=cortex-m3 -std=gnu11 -g3 -DDEBUG -DSTM32 -DSTM32F1 -DSTM32F103C6Tx -c -I../Inc -O0 -ffunction-sections -fdata-sections -Wall -fstack-usage -MMD -MP -MF"Src/main.d" -MT"Src/main.o" --specs=nano.specs -mfloat-abi=soft -mthumb -o "Src/main.o"
arm-none-eabi-gcc -gdwarf-2 "../GPIO/gpio.c" -mcpu=cortex-m3 -std=gnu11 -g3 -DDEBUG -DSTM32 -DSTM32F1 -DSTM32F103C6Tx -c -I../Inc -O0 -ffunction-sections -fdata-sections -Wall -fstack-usage -MMD -MP -MF"GPIO/gpio.d" -MT"GPIO/gpio.o" --specs=nano.specs -mfloat-abi=soft -mthumb -o "GPIO/gpio.o"
In file included from ../Src/main.c:25:
../Inc/gpio.h:119:1: warning: "/*" within comment [-Wcomment]
  119 | /*================================================================================================*/
      |  
In file included from ../GPIO/gpio.c:9:
../Inc/gpio.h:29:2: error: unknown type name 'uint8_t'
   29 |  uint8_t GPIO_Mode;   //mode of GPIO selected pins
      |  ^~~~~~~
../Inc/gpio.h:32:2: error: unknown type name 'uint8_t'
   32 |  uint8_t GPIO_Speed;   //GPIO PIN output speed
      |  ^~~~~~~
../Inc/gpio.h:119:1: warning: "/*" within comment [-Wcomment]
  119 | /*================================================================================================*/
      |  
../GPIO/gpio.c:64:1: warning: "/*" within comment [-Wcomment]
   64 | /*================================================================================================*/
      |  
make: *** [GPIO/subdir.mk:19: GPIO/gpio.o] Error 1
"make -j6 all" terminated with exit code 2. Build might be incomplete.
02:56:08 **** Incremental Build of configuration Debug for project STM32F103C6 ****
make -j6 all 
arm-none-eabi-gcc -gdwarf-2 "../Src/main.c" -mcpu=cortex-m3 -std=gnu11 -g3 -DDEBUG -DSTM32 -DSTM32F1 -DSTM32F103C6Tx -c -I../Inc -O0 -ffunction-sections -fdata-sections -Wall -fstack-usage -MMD -MP -MF"Src/main.d" -MT"Src/main.o" --specs=nano.specs -mfloat-abi=soft -mthumb -o "Src/main.o"
arm-none-eabi-gcc -gdwarf-2 "../GPIO/gpio.c" -mcpu=cortex-m3 -std=gnu11 -g3 -DDEBUG -DSTM32 -DSTM32F1 -DSTM32F103C6Tx -c -I../Inc -O0 -ffunction-sections -fdata-sections -Wall -fstack-usage -MMD -MP -MF"GPIO/gpio.d" -MT"GPIO/gpio.o" --specs=nano.specs -mfloat-abi=soft -mthumb -o "GPIO/gpio.o"
In file included from ../Src/main.c:25:
../Inc/gpio.h:119:1: warning: "/*" within comment [-Wcomment]
  119 | /*================================================================================================*/
      |  
In file included from ../GPIO/gpio.c:9:
../Inc/gpio.h:119:1: warning: "/*" within comment [-Wcomment]
  119 | /*================================================================================================*/
      |  
../GPIO/gpio.c:64:1: warning: "/*" within comment [-Wcomment]
   64 | /*================================================================================================*/
      |  
arm-none-eabi-gcc -gdwarf-2 -o "STM32F103C6.elf" @"objects.list"   -mcpu=cortex-m3 -T"F:\Git_Hub\Embedded-Systems\Embedded-Systems\Drivers\STM32F103C6\STM32F103C6TX_FLASH.ld" --specs=nosys.specs -Wl,-Map="STM32F103C6.map" -Wl,--gc-sections -static --specs=nano.specs -mfloat-abi=soft -mthumb -Wl,--start-group -lc -lm -Wl,--end-group
Finished building target: STM32F103C6.elf
 
arm-none-eabi-size   STM32F103C6.elf 
arm-none-eabi-objdump -h -S  STM32F103C6.elf  > "STM32F103C6.list"
   text	   data	    bss	    dec	    hex	filename
    556	      8	   1568	   2132	    854	STM32F103C6.elf
Finished building: default.size.stdout
 
Finished building: STM32F103C6.list
 
03:18:17 **** Incremental Build of configuration Debug for project STM32F103C6 ****
make -j6 all 
arm-none-eabi-gcc -gdwarf-2 "../GPIO/gpio.c" -mcpu=cortex-m3 -std=gnu11 -g3 -DDEBUG -DSTM32 -DSTM32F1 -DSTM32F103C6Tx -c -I../Inc -O0 -ffunction-sections -fdata-sections -Wall -fstack-usage -MMD -MP -MF"GPIO/gpio.d" -MT"GPIO/gpio.o" --specs=nano.specs -mfloat-abi=soft -mthumb -o "GPIO/gpio.o"
In file included from ../GPIO/gpio.c:9:
../Inc/gpio.h:119:1: warning: "/*" within comment [-Wcomment]
  119 | /*================================================================================================*/
      |  
../GPIO/gpio.c:64:1: warning: "/*" within comment [-Wcomment]
   64 | /*================================================================================================*/
      |  
../GPIO/gpio.c: In function 'MCAL_GPIO_init':
../GPIO/gpio.c:70:74: error: called object is not a function or function pointer
   70 |  if( (PINConfig->GPIO_Mode == GPIO_Mode_OUT_PP) || (PINConfig->GPIO_Mode == GPIO_Mode_OUT_OD)
      |                                                    ~~~~~~~~~~~~~~~~~~~~~~^~~~~~~~~~~~~~~~~~~~
../GPIO/gpio.c:69:8: warning: variable 'PIN_TempConfig' set but not used [-Wunused-but-set-variable]
   69 |  uint8 PIN_TempConfig;
      |        ^~~~~~~~~~~~~~
make: *** [GPIO/subdir.mk:19: GPIO/gpio.o] Error 1
"make -j6 all" terminated with exit code 2. Build might be incomplete.
03:20:46 **** Incremental Build of configuration Debug for project STM32F103C6 ****
make -j6 all 
arm-none-eabi-gcc -gdwarf-2 "../GPIO/gpio.c" -mcpu=cortex-m3 -std=gnu11 -g3 -DDEBUG -DSTM32 -DSTM32F1 -DSTM32F103C6Tx -c -I../Inc -O0 -ffunction-sections -fdata-sections -Wall -fstack-usage -MMD -MP -MF"GPIO/gpio.d" -MT"GPIO/gpio.o" --specs=nano.specs -mfloat-abi=soft -mthumb -o "GPIO/gpio.o"
In file included from ../GPIO/gpio.c:9:
../Inc/gpio.h:119:1: warning: "/*" within comment [-Wcomment]
  119 | /*================================================================================================*/
      |  
../GPIO/gpio.c:64:1: warning: "/*" within comment [-Wcomment]
   64 | /*================================================================================================*/
      |  
../GPIO/gpio.c: In function 'MCAL_GPIO_init':
../GPIO/gpio.c:70:74: error: called object is not a function or function pointer
   70 |  if( (PINConfig->GPIO_Mode == GPIO_Mode_OUT_PP) || (PINConfig->GPIO_Mode == GPIO_Mode_OUT_OD)
      |                                                    ~~~~~~~~~~~~~~~~~~~~~~^~~~~~~~~~~~~~~~~~~~
../GPIO/gpio.c:69:8: warning: variable 'PIN_TempConfig' set but not used [-Wunused-but-set-variable]
   69 |  uint8 PIN_TempConfig;
      |        ^~~~~~~~~~~~~~
make: *** [GPIO/subdir.mk:19: GPIO/gpio.o] Error 1
"make -j6 all" terminated with exit code 2. Build might be incomplete.
03:26:30 **** Incremental Build of configuration Debug for project STM32F103C6 ****
make -j6 all 
arm-none-eabi-gcc -gdwarf-2 "../GPIO/gpio.c" -mcpu=cortex-m3 -std=gnu11 -g3 -DDEBUG -DSTM32 -DSTM32F1 -DSTM32F103C6Tx -c -I../Inc -O0 -ffunction-sections -fdata-sections -Wall -fstack-usage -MMD -MP -MF"GPIO/gpio.d" -MT"GPIO/gpio.o" --specs=nano.specs -mfloat-abi=soft -mthumb -o "GPIO/gpio.o"
In file included from ../GPIO/gpio.c:9:
../Inc/gpio.h:119:1: warning: "/*" within comment [-Wcomment]
  119 | /*================================================================================================*/
      |  
../GPIO/gpio.c:64:1: warning: "/*" within comment [-Wcomment]
   64 | /*================================================================================================*/
      |  
../GPIO/gpio.c: In function 'MCAL_GPIO_init':
../GPIO/gpio.c:69:8: warning: variable 'PIN_TempConfig' set but not used [-Wunused-but-set-variable]
   69 |  uint8 PIN_TempConfig;
      |        ^~~~~~~~~~~~~~
arm-none-eabi-gcc -gdwarf-2 -o "STM32F103C6.elf" @"objects.list"   -mcpu=cortex-m3 -T"F:\Git_Hub\Embedded-Systems\Embedded-Systems\Drivers\STM32F103C6\STM32F103C6TX_FLASH.ld" --specs=nosys.specs -Wl,-Map="STM32F103C6.map" -Wl,--gc-sections -static --specs=nano.specs -mfloat-abi=soft -mthumb -Wl,--start-group -lc -lm -Wl,--end-group
Finished building target: STM32F103C6.elf
 
arm-none-eabi-size   STM32F103C6.elf 
arm-none-eabi-objdump -h -S  STM32F103C6.elf  > "STM32F103C6.list"
   text	   data	    bss	    dec	    hex	filename
    556	      8	   1568	   2132	    854	STM32F103C6.elf
Finished building: default.size.stdout
 
Finished building: STM32F103C6.list
 
03:32:08 **** Incremental Build of configuration Debug for project STM32F103C6 ****
make -j6 all 
arm-none-eabi-gcc -gdwarf-2 "../GPIO/gpio.c" -mcpu=cortex-m3 -std=gnu11 -g3 -DDEBUG -DSTM32 -DSTM32F1 -DSTM32F103C6Tx -c -I../Inc -O0 -ffunction-sections -fdata-sections -Wall -fstack-usage -MMD -MP -MF"GPIO/gpio.d" -MT"GPIO/gpio.o" --specs=nano.specs -mfloat-abi=soft -mthumb -o "GPIO/gpio.o"
In file included from ../GPIO/gpio.c:9:
../Inc/gpio.h:119:1: warning: "/*" within comment [-Wcomment]
  119 | /*================================================================================================*/
      |  
../GPIO/gpio.c:64:1: warning: "/*" within comment [-Wcomment]
   64 | /*================================================================================================*/
      |  
../GPIO/gpio.c: In function 'MCAL_GPIO_init':
../GPIO/gpio.c:70:74: error: called object is not a function or function pointer
   70 |  if( (PINConfig->GPIO_Mode == GPIO_Mode_OUT_PP) || (PINConfig->GPIO_Mode == GPIO_Mode_OUT_OD)
      |                                                    ~~~~~~~~~~~~~~~~~~~~~~^~~~~~~~~~~~~~~~~~~~
../GPIO/gpio.c:69:8: warning: variable 'PIN_TempConfig' set but not used [-Wunused-but-set-variable]
   69 |  uint8 PIN_TempConfig;
      |        ^~~~~~~~~~~~~~
make: *** [GPIO/subdir.mk:19: GPIO/gpio.o] Error 1
"make -j6 all" terminated with exit code 2. Build might be incomplete.
03:33:17 **** Incremental Build of configuration Debug for project STM32F103C6 ****
make -j6 all 
arm-none-eabi-gcc -gdwarf-2 "../GPIO/gpio.c" -mcpu=cortex-m3 -std=gnu11 -g3 -DDEBUG -DSTM32 -DSTM32F1 -DSTM32F103C6Tx -c -I../Inc -O0 -ffunction-sections -fdata-sections -Wall -fstack-usage -MMD -MP -MF"GPIO/gpio.d" -MT"GPIO/gpio.o" --specs=nano.specs -mfloat-abi=soft -mthumb -o "GPIO/gpio.o"
In file included from ../GPIO/gpio.c:9:
../Inc/gpio.h:119:1: warning: "/*" within comment [-Wcomment]
  119 | /*================================================================================================*/
      |  
../GPIO/gpio.c:64:1: warning: "/*" within comment [-Wcomment]
   64 | /*================================================================================================*/
      |  
../GPIO/gpio.c: In function 'MCAL_GPIO_init':
../GPIO/gpio.c:69:8: warning: variable 'PIN_TempConfig' set but not used [-Wunused-but-set-variable]
   69 |  uint8 PIN_TempConfig;
      |        ^~~~~~~~~~~~~~
arm-none-eabi-gcc -gdwarf-2 -o "STM32F103C6.elf" @"objects.list"   -mcpu=cortex-m3 -T"F:\Git_Hub\Embedded-Systems\Embedded-Systems\Drivers\STM32F103C6\STM32F103C6TX_FLASH.ld" --specs=nosys.specs -Wl,-Map="STM32F103C6.map" -Wl,--gc-sections -static --specs=nano.specs -mfloat-abi=soft -mthumb -Wl,--start-group -lc -lm -Wl,--end-group
Finished building target: STM32F103C6.elf
 
arm-none-eabi-size   STM32F103C6.elf 
arm-none-eabi-objdump -h -S  STM32F103C6.elf  > "STM32F103C6.list"
   text	   data	    bss	    dec	    hex	filename
    556	      8	   1568	   2132	    854	STM32F103C6.elf
Finished building: default.size.stdout
 
Finished building: STM32F103C6.list
 
03:33:39 **** Incremental Build of configuration Debug for project STM32F103C6 ****
make -j6 all 
arm-none-eabi-gcc -gdwarf-2 "../GPIO/gpio.c" -mcpu=cortex-m3 -std=gnu11 -g3 -DDEBUG -DSTM32 -DSTM32F1 -DSTM32F103C6Tx -c -I../Inc -O0 -ffunction-sections -fdata-sections -Wall -fstack-usage -MMD -MP -MF"GPIO/gpio.d" -MT"GPIO/gpio.o" --specs=nano.specs -mfloat-abi=soft -mthumb -o "GPIO/gpio.o"
In file included from ../GPIO/gpio.c:9:
../Inc/gpio.h:119:1: warning: "/*" within comment [-Wcomment]
  119 | /*================================================================================================*/
      |  
../GPIO/gpio.c:64:1: warning: "/*" within comment [-Wcomment]
   64 | /*================================================================================================*/
      |  
../GPIO/gpio.c: In function 'MCAL_GPIO_init':
../GPIO/gpio.c:69:8: warning: variable 'PIN_TempConfig' set but not used [-Wunused-but-set-variable]
   69 |  uint8 PIN_TempConfig;
      |        ^~~~~~~~~~~~~~
arm-none-eabi-gcc -gdwarf-2 -o "STM32F103C6.elf" @"objects.list"   -mcpu=cortex-m3 -T"F:\Git_Hub\Embedded-Systems\Embedded-Systems\Drivers\STM32F103C6\STM32F103C6TX_FLASH.ld" --specs=nosys.specs -Wl,-Map="STM32F103C6.map" -Wl,--gc-sections -static --specs=nano.specs -mfloat-abi=soft -mthumb -Wl,--start-group -lc -lm -Wl,--end-group
Finished building target: STM32F103C6.elf
 
arm-none-eabi-size   STM32F103C6.elf 
arm-none-eabi-objdump -h -S  STM32F103C6.elf  > "STM32F103C6.list"
   text	   data	    bss	    dec	    hex	filename
    556	      8	   1568	   2132	    854	STM32F103C6.elf
Finished building: default.size.stdout
 
Finished building: STM32F103C6.list
 
03:34:27 **** Incremental Build of configuration Debug for project STM32F103C6 ****
make -j6 all 
arm-none-eabi-gcc -gdwarf-2 "../GPIO/gpio.c" -mcpu=cortex-m3 -std=gnu11 -g3 -DDEBUG -DSTM32 -DSTM32F1 -DSTM32F103C6Tx -c -I../Inc -O0 -ffunction-sections -fdata-sections -Wall -fstack-usage -MMD -MP -MF"GPIO/gpio.d" -MT"GPIO/gpio.o" --specs=nano.specs -mfloat-abi=soft -mthumb -o "GPIO/gpio.o"
In file included from ../GPIO/gpio.c:9:
../Inc/gpio.h:119:1: warning: "/*" within comment [-Wcomment]
  119 | /*================================================================================================*/
      |  
../GPIO/gpio.c:64:1: warning: "/*" within comment [-Wcomment]
   64 | /*================================================================================================*/
      |  
../GPIO/gpio.c: In function 'MCAL_GPIO_init':
../GPIO/gpio.c:70:77: error: called object is not a function or function pointer
   70 |  if( (PINConfig->GPIO_Mode == GPIO_Mode_AF_OUT_PP) || (PINConfig->GPIO_Mode == GPIO_Mode_AF_OUT_OD)
      |                                                       ~~~~~~~~~~~~~~~~~~~~~~^~~~~~~~~~~~~~~~~~~~~~~
../GPIO/gpio.c:69:8: warning: variable 'PIN_TempConfig' set but not used [-Wunused-but-set-variable]
   69 |  uint8 PIN_TempConfig;
      |        ^~~~~~~~~~~~~~
make: *** [GPIO/subdir.mk:19: GPIO/gpio.o] Error 1
"make -j6 all" terminated with exit code 2. Build might be incomplete.
03:35:28 **** Incremental Build of configuration Debug for project STM32F103C6 ****
make -j6 all 
arm-none-eabi-gcc -gdwarf-2 "../GPIO/gpio.c" -mcpu=cortex-m3 -std=gnu11 -g3 -DDEBUG -DSTM32 -DSTM32F1 -DSTM32F103C6Tx -c -I../Inc -O0 -ffunction-sections -fdata-sections -Wall -fstack-usage -MMD -MP -MF"GPIO/gpio.d" -MT"GPIO/gpio.o" --specs=nano.specs -mfloat-abi=soft -mthumb -o "GPIO/gpio.o"
In file included from ../GPIO/gpio.c:9:
../Inc/gpio.h:119:1: warning: "/*" within comment [-Wcomment]
  119 | /*================================================================================================*/
      |  
../GPIO/gpio.c:64:1: warning: "/*" within comment [-Wcomment]
   64 | /*================================================================================================*/
      |  
../GPIO/gpio.c: In function 'MCAL_GPIO_init':
../GPIO/gpio.c:69:8: warning: variable 'PIN_TempConfig' set but not used [-Wunused-but-set-variable]
   69 |  uint8 PIN_TempConfig;
      |        ^~~~~~~~~~~~~~
arm-none-eabi-gcc -gdwarf-2 -o "STM32F103C6.elf" @"objects.list"   -mcpu=cortex-m3 -T"F:\Git_Hub\Embedded-Systems\Embedded-Systems\Drivers\STM32F103C6\STM32F103C6TX_FLASH.ld" --specs=nosys.specs -Wl,-Map="STM32F103C6.map" -Wl,--gc-sections -static --specs=nano.specs -mfloat-abi=soft -mthumb -Wl,--start-group -lc -lm -Wl,--end-group
Finished building target: STM32F103C6.elf
 
arm-none-eabi-size   STM32F103C6.elf 
arm-none-eabi-objdump -h -S  STM32F103C6.elf  > "STM32F103C6.list"
   text	   data	    bss	    dec	    hex	filename
    556	      8	   1568	   2132	    854	STM32F103C6.elf
Finished building: default.size.stdout
 
Finished building: STM32F103C6.list
 
03:37:13 **** Incremental Build of configuration Debug for project STM32F103C6 ****
make -j6 all 
arm-none-eabi-gcc -gdwarf-2 "../GPIO/gpio.c" -mcpu=cortex-m3 -std=gnu11 -g3 -DDEBUG -DSTM32 -DSTM32F1 -DSTM32F103C6Tx -c -I../Inc -O0 -ffunction-sections -fdata-sections -Wall -fstack-usage -MMD -MP -MF"GPIO/gpio.d" -MT"GPIO/gpio.o" --specs=nano.specs -mfloat-abi=soft -mthumb -o "GPIO/gpio.o"
In file included from ../GPIO/gpio.c:9:
../Inc/gpio.h:119:1: warning: "/*" within comment [-Wcomment]
  119 | /*================================================================================================*/
      |  
../GPIO/gpio.c:64:1: warning: "/*" within comment [-Wcomment]
   64 | /*================================================================================================*/
      |  
arm-none-eabi-gcc -gdwarf-2 -o "STM32F103C6.elf" @"objects.list"   -mcpu=cortex-m3 -T"F:\Git_Hub\Embedded-Systems\Embedded-Systems\Drivers\STM32F103C6\STM32F103C6TX_FLASH.ld" --specs=nosys.specs -Wl,-Map="STM32F103C6.map" -Wl,--gc-sections -static --specs=nano.specs -mfloat-abi=soft -mthumb -Wl,--start-group -lc -lm -Wl,--end-group
Finished building target: STM32F103C6.elf
 
arm-none-eabi-size   STM32F103C6.elf 
arm-none-eabi-objdump -h -S  STM32F103C6.elf  > "STM32F103C6.list"
   text	   data	    bss	    dec	    hex	filename
    556	      8	   1568	   2132	    854	STM32F103C6.elf
Finished building: default.size.stdout
 
Finished building: STM32F103C6.list
 
03:39:51 **** Incremental Build of configuration Debug for project STM32F103C6 ****
make -j6 all 
arm-none-eabi-gcc -gdwarf-2 "../Src/main.c" -mcpu=cortex-m3 -std=gnu11 -g3 -DDEBUG -DSTM32 -DSTM32F1 -DSTM32F103C6Tx -c -I../Inc -O0 -ffunction-sections -fdata-sections -Wall -fstack-usage -MMD -MP -MF"Src/main.d" -MT"Src/main.o" --specs=nano.specs -mfloat-abi=soft -mthumb -o "Src/main.o"
arm-none-eabi-gcc -gdwarf-2 "../Src/syscalls.c" -mcpu=cortex-m3 -std=gnu11 -g3 -DDEBUG -DSTM32 -DSTM32F1 -DSTM32F103C6Tx -c -I../Inc -O0 -ffunction-sections -fdata-sections -Wall -fstack-usage -MMD -MP -MF"Src/syscalls.d" -MT"Src/syscalls.o" --specs=nano.specs -mfloat-abi=soft -mthumb -o "Src/syscalls.o"
arm-none-eabi-gcc -gdwarf-2 "../Src/sysmem.c" -mcpu=cortex-m3 -std=gnu11 -g3 -DDEBUG -DSTM32 -DSTM32F1 -DSTM32F103C6Tx -c -I../Inc -O0 -ffunction-sections -fdata-sections -Wall -fstack-usage -MMD -MP -MF"Src/sysmem.d" -MT"Src/sysmem.o" --specs=nano.specs -mfloat-abi=soft -mthumb -o "Src/sysmem.o"
arm-none-eabi-gcc -gdwarf-2 "../GPIO/gpio.c" -mcpu=cortex-m3 -std=gnu11 -g3 -DDEBUG -DSTM32 -DSTM32F1 -DSTM32F103C6Tx -c -I../Inc -O0 -ffunction-sections -fdata-sections -Wall -fstack-usage -MMD -MP -MF"GPIO/gpio.d" -MT"GPIO/gpio.o" --specs=nano.specs -mfloat-abi=soft -mthumb -o "GPIO/gpio.o"
In file included from ../Src/main.c:25:
../Inc/gpio.h:119:1: warning: "/*" within comment [-Wcomment]
  119 | /*================================================================================================*/
      |  
In file included from ../GPIO/gpio.c:9:
../Inc/gpio.h:119:1: warning: "/*" within comment [-Wcomment]
  119 | /*================================================================================================*/
      |  
arm-none-eabi-gcc -gdwarf-2 -o "STM32F103C6.elf" @"objects.list"   -mcpu=cortex-m3 -T"F:\Git_Hub\Embedded-Systems\Embedded-Systems\Drivers\STM32F103C6\STM32F103C6TX_FLASH.ld" --specs=nosys.specs -Wl,-Map="STM32F103C6.map" -Wl,--gc-sections -static --specs=nano.specs -mfloat-abi=soft -mthumb -Wl,--start-group -lc -lm -Wl,--end-group
Finished building target: STM32F103C6.elf
 
arm-none-eabi-size   STM32F103C6.elf 
arm-none-eabi-objdump -h -S  STM32F103C6.elf  > "STM32F103C6.list"
   text	   data	    bss	    dec	    hex	filename
    556	      8	   1568	   2132	    854	STM32F103C6.elf
Finished building: default.size.stdout
 
Finished building: STM32F103C6.list
 
03:40:25 **** Incremental Build of configuration Debug for project STM32F103C6 ****
make -j6 all 
arm-none-eabi-size   STM32F103C6.elf 
   text	   data	    bss	    dec	    hex	filename
    556	      8	   1568	   2132	    854	STM32F103C6.elf
Finished building: default.size.stdout
 
03:40:36 **** Incremental Build of configuration Debug for project STM32F103C6 ****
make -j6 all 
arm-none-eabi-gcc -gdwarf-2 "../Src/main.c" -mcpu=cortex-m3 -std=gnu11 -g3 -DDEBUG -DSTM32 -DSTM32F1 -DSTM32F103C6Tx -c -I../Inc -O0 -ffunction-sections -fdata-sections -Wall -fstack-usage -MMD -MP -MF"Src/main.d" -MT"Src/main.o" --specs=nano.specs -mfloat-abi=soft -mthumb -o "Src/main.o"
arm-none-eabi-gcc -gdwarf-2 "../GPIO/gpio.c" -mcpu=cortex-m3 -std=gnu11 -g3 -DDEBUG -DSTM32 -DSTM32F1 -DSTM32F103C6Tx -c -I../Inc -O0 -ffunction-sections -fdata-sections -Wall -fstack-usage -MMD -MP -MF"GPIO/gpio.d" -MT"GPIO/gpio.o" --specs=nano.specs -mfloat-abi=soft -mthumb -o "GPIO/gpio.o"
In file included from ../Src/main.c:25:
../Inc/gpio.h:118:1: warning: "/*" within comment [-Wcomment]
  118 | /*================================================================================================*/
      |  
In file included from ../GPIO/gpio.c:9:
../Inc/gpio.h:118:1: warning: "/*" within comment [-Wcomment]
  118 | /*================================================================================================*/
      |  
arm-none-eabi-gcc -gdwarf-2 -o "STM32F103C6.elf" @"objects.list"   -mcpu=cortex-m3 -T"F:\Git_Hub\Embedded-Systems\Embedded-Systems\Drivers\STM32F103C6\STM32F103C6TX_FLASH.ld" --specs=nosys.specs -Wl,-Map="STM32F103C6.map" -Wl,--gc-sections -static --specs=nano.specs -mfloat-abi=soft -mthumb -Wl,--start-group -lc -lm -Wl,--end-group
Finished building target: STM32F103C6.elf
 
arm-none-eabi-size   STM32F103C6.elf 
arm-none-eabi-objdump -h -S  STM32F103C6.elf  > "STM32F103C6.list"
   text	   data	    bss	    dec	    hex	filename
    556	      8	   1568	   2132	    854	STM32F103C6.elf
Finished building: default.size.stdout
 
Finished building: STM32F103C6.list
 
03:40:57 **** Incremental Build of configuration Debug for project STM32F103C6 ****
make -j6 all 
arm-none-eabi-gcc -gdwarf-2 "../Src/main.c" -mcpu=cortex-m3 -std=gnu11 -g3 -DDEBUG -DSTM32 -DSTM32F1 -DSTM32F103C6Tx -c -I../Inc -O0 -ffunction-sections -fdata-sections -Wall -fstack-usage -MMD -MP -MF"Src/main.d" -MT"Src/main.o" --specs=nano.specs -mfloat-abi=soft -mthumb -o "Src/main.o"
arm-none-eabi-gcc -gdwarf-2 "../GPIO/gpio.c" -mcpu=cortex-m3 -std=gnu11 -g3 -DDEBUG -DSTM32 -DSTM32F1 -DSTM32F103C6Tx -c -I../Inc -O0 -ffunction-sections -fdata-sections -Wall -fstack-usage -MMD -MP -MF"GPIO/gpio.d" -MT"GPIO/gpio.o" --specs=nano.specs -mfloat-abi=soft -mthumb -o "GPIO/gpio.o"
arm-none-eabi-gcc -gdwarf-2 -o "STM32F103C6.elf" @"objects.list"   -mcpu=cortex-m3 -T"F:\Git_Hub\Embedded-Systems\Embedded-Systems\Drivers\STM32F103C6\STM32F103C6TX_FLASH.ld" --specs=nosys.specs -Wl,-Map="STM32F103C6.map" -Wl,--gc-sections -static --specs=nano.specs -mfloat-abi=soft -mthumb -Wl,--start-group -lc -lm -Wl,--end-group
Finished building target: STM32F103C6.elf
 
arm-none-eabi-size   STM32F103C6.elf 
arm-none-eabi-objdump -h -S  STM32F103C6.elf  > "STM32F103C6.list"
   text	   data	    bss	    dec	    hex	filename
    556	      8	   1568	   2132	    854	STM32F103C6.elf
Finished building: default.size.stdout
 
Finished building: STM32F103C6.list
 
03:47:50 **** Incremental Build of configuration Debug for project STM32F103C6 ****
make -j6 all 
arm-none-eabi-gcc -gdwarf-2 "../Src/main.c" -mcpu=cortex-m3 -std=gnu11 -g3 -DDEBUG -DSTM32 -DSTM32F1 -DSTM32F103C6Tx -c -I../Inc -O0 -ffunction-sections -fdata-sections -Wall -fstack-usage -MMD -MP -MF"Src/main.d" -MT"Src/main.o" --specs=nano.specs -mfloat-abi=soft -mthumb -o "Src/main.o"
arm-none-eabi-gcc -gdwarf-2 "../GPIO/gpio.c" -mcpu=cortex-m3 -std=gnu11 -g3 -DDEBUG -DSTM32 -DSTM32F1 -DSTM32F103C6Tx -c -I../Inc -O0 -ffunction-sections -fdata-sections -Wall -fstack-usage -MMD -MP -MF"GPIO/gpio.d" -MT"GPIO/gpio.o" --specs=nano.specs -mfloat-abi=soft -mthumb -o "GPIO/gpio.o"
arm-none-eabi-gcc -gdwarf-2 -o "STM32F103C6.elf" @"objects.list"   -mcpu=cortex-m3 -T"F:\Git_Hub\Embedded-Systems\Embedded-Systems\Drivers\STM32F103C6\STM32F103C6TX_FLASH.ld" --specs=nosys.specs -Wl,-Map="STM32F103C6.map" -Wl,--gc-sections -static --specs=nano.specs -mfloat-abi=soft -mthumb -Wl,--start-group -lc -lm -Wl,--end-group
Finished building target: STM32F103C6.elf
 
arm-none-eabi-size   STM32F103C6.elf 
arm-none-eabi-objdump -h -S  STM32F103C6.elf  > "STM32F103C6.list"
   text	   data	    bss	    dec	    hex	filename
    556	      8	   1568	   2132	    854	STM32F103C6.elf
Finished building: default.size.stdout
 
Finished building: STM32F103C6.list
 
04:48:34 **** Incremental Build of configuration Debug for project STM32F103C6 ****
make -j6 all 
arm-none-eabi-gcc -gdwarf-2 "../Src/main.c" -mcpu=cortex-m3 -std=gnu11 -g3 -DDEBUG -DSTM32 -DSTM32F1 -DSTM32F103C6Tx -c -I../Inc -O0 -ffunction-sections -fdata-sections -Wall -fstack-usage -MMD -MP -MF"Src/main.d" -MT"Src/main.o" --specs=nano.specs -mfloat-abi=soft -mthumb -o "Src/main.o"
arm-none-eabi-gcc -gdwarf-2 "../GPIO/gpio.c" -mcpu=cortex-m3 -std=gnu11 -g3 -DDEBUG -DSTM32 -DSTM32F1 -DSTM32F103C6Tx -c -I../Inc -O0 -ffunction-sections -fdata-sections -Wall -fstack-usage -MMD -MP -MF"GPIO/gpio.d" -MT"GPIO/gpio.o" --specs=nano.specs -mfloat-abi=soft -mthumb -o "GPIO/gpio.o"
../GPIO/gpio.c:124:7: error: conflicting types for 'MCAL_GPIO_ReadPIN'
  124 | uint8 MCAL_GPIO_ReadPIN (GPIO_TypeDef* GPIOx ,uint8 PIN_Number)
      |       ^~~~~~~~~~~~~~~~~
In file included from ../GPIO/gpio.c:9:
../Inc/gpio.h:142:7: note: previous declaration of 'MCAL_GPIO_ReadPIN' was here
  142 | uint8 MCAL_GPIO_ReadPIN (GPIO_TypeDef* GPIOx ,uint16 PIN_Number);
      |       ^~~~~~~~~~~~~~~~~
../GPIO/gpio.c:154:6: error: conflicting types for 'MCAL_GPIO_WritePIN'
  154 | void MCAL_GPIO_WritePIN (GPIO_TypeDef* GPIOx ,uint8 PIN_Number,uint8 value )
      |      ^~~~~~~~~~~~~~~~~~
In file included from ../GPIO/gpio.c:9:
../Inc/gpio.h:165:6: note: previous declaration of 'MCAL_GPIO_WritePIN' was here
  165 | void MCAL_GPIO_WritePIN (GPIO_TypeDef* GPIOx ,uint16 PIN_Number,uint8 value );
      |      ^~~~~~~~~~~~~~~~~~
../GPIO/gpio.c:171:6: error: conflicting types for 'MCAL_GPIO_WritePort'
  171 | void MCAL_GPIO_WritePort (GPIO_TypeDef* GPIOx, uint16 value )
      |      ^~~~~~~~~~~~~~~~~~~
In file included from ../GPIO/gpio.c:9:
../Inc/gpio.h:176:6: note: previous declaration of 'MCAL_GPIO_WritePort' was here
  176 | void MCAL_GPIO_WritePort (GPIO_TypeDef* GPIOx, uint8 value );
      |      ^~~~~~~~~~~~~~~~~~~
../GPIO/gpio.c:186:7: error: conflicting types for 'MCAL_GPIO_TogglePIN'
  186 | void  MCAL_GPIO_TogglePIN (GPIO_TypeDef* GPIOx ,uint8 PIN_Number)
      |       ^~~~~~~~~~~~~~~~~~~
In file included from ../GPIO/gpio.c:9:
../Inc/gpio.h:188:7: note: previous declaration of 'MCAL_GPIO_TogglePIN' was here
  188 | void  MCAL_GPIO_TogglePIN (GPIO_TypeDef* GPIOx ,uint16 PIN_Number);
      |       ^~~~~~~~~~~~~~~~~~~
../GPIO/gpio.c:202:8: error: conflicting types for 'MCAL_GPIO_LockPIN'
  202 | uint8  MCAL_GPIO_LockPIN (GPIO_TypeDef* GPIOx ,uint8 PIN_Number)
      |        ^~~~~~~~~~~~~~~~~
In file included from ../GPIO/gpio.c:9:
../Inc/gpio.h:201:8: note: previous declaration of 'MCAL_GPIO_LockPIN' was here
  201 | uint8  MCAL_GPIO_LockPIN (GPIO_TypeDef* GPIOx ,uint16 PIN_Number);
      |        ^~~~~~~~~~~~~~~~~
../GPIO/gpio.c: In function 'MCAL_GPIO_LockPIN':
../GPIO/gpio.c:203:2: warning: control reaches end of non-void function [-Wreturn-type]
  203 | {}
      |  ^
make: *** [GPIO/subdir.mk:19: GPIO/gpio.o] Error 1
make: *** Waiting for unfinished jobs....
"make -j6 all" terminated with exit code 2. Build might be incomplete.
05:15:37 **** Incremental Build of configuration Debug for project STM32F103C6 ****
make -j6 all 
arm-none-eabi-gcc -gdwarf-2 "../Src/main.c" -mcpu=cortex-m3 -std=gnu11 -g3 -DDEBUG -DSTM32 -DSTM32F1 -DSTM32F103C6Tx -c -I../Inc -O0 -ffunction-sections -fdata-sections -Wall -fstack-usage -MMD -MP -MF"Src/main.d" -MT"Src/main.o" --specs=nano.specs -mfloat-abi=soft -mthumb -o "Src/main.o"
arm-none-eabi-gcc -gdwarf-2 "../GPIO/gpio.c" -mcpu=cortex-m3 -std=gnu11 -g3 -DDEBUG -DSTM32 -DSTM32F1 -DSTM32F103C6Tx -c -I../Inc -O0 -ffunction-sections -fdata-sections -Wall -fstack-usage -MMD -MP -MF"GPIO/gpio.d" -MT"GPIO/gpio.o" --specs=nano.specs -mfloat-abi=soft -mthumb -o "GPIO/gpio.o"
In file included from ../Src/main.c:25:
../Inc/gpio.h:176:48: error: unknown type name 'uint6'; did you mean 'uint64'?
  176 | void MCAL_GPIO_WritePort (GPIO_TypeDef* GPIOx, uint6 value );
      |                                                ^~~~~
      |                                                uint64
make: *** [Src/subdir.mk:25: Src/main.o] Error 1
make: *** Waiting for unfinished jobs....
In file included from ../GPIO/gpio.c:9:
../Inc/gpio.h:176:48: error: unknown type name 'uint6'; did you mean 'uint64'?
  176 | void MCAL_GPIO_WritePort (GPIO_TypeDef* GPIOx, uint6 value );
      |                                                ^~~~~
      |                                                uint64
../GPIO/gpio.c:124:7: error: conflicting types for 'MCAL_GPIO_ReadPIN'
  124 | uint8 MCAL_GPIO_ReadPIN (GPIO_TypeDef* GPIOx ,uint8 PIN_Number)
      |       ^~~~~~~~~~~~~~~~~
In file included from ../GPIO/gpio.c:9:
../Inc/gpio.h:142:7: note: previous declaration of 'MCAL_GPIO_ReadPIN' was here
  142 | uint8 MCAL_GPIO_ReadPIN (GPIO_TypeDef* GPIOx ,uint16 PIN_Number);
      |       ^~~~~~~~~~~~~~~~~
../GPIO/gpio.c:154:6: error: conflicting types for 'MCAL_GPIO_WritePIN'
  154 | void MCAL_GPIO_WritePIN (GPIO_TypeDef* GPIOx ,uint8 PIN_Number,uint8 value )
      |      ^~~~~~~~~~~~~~~~~~
In file included from ../GPIO/gpio.c:9:
../Inc/gpio.h:165:6: note: previous declaration of 'MCAL_GPIO_WritePIN' was here
  165 | void MCAL_GPIO_WritePIN (GPIO_TypeDef* GPIOx ,uint16 PIN_Number,uint8 value );
      |      ^~~~~~~~~~~~~~~~~~
../GPIO/gpio.c: In function 'MCAL_GPIO_LockPIN':
../GPIO/gpio.c:203:2: warning: control reaches end of non-void function [-Wreturn-type]
  203 | {}
      |  ^
make: *** [GPIO/subdir.mk:19: GPIO/gpio.o] Error 1
"make -j6 all" terminated with exit code 2. Build might be incomplete.
05:17:21 **** Incremental Build of configuration Debug for project STM32F103C6 ****
make -j6 all 
arm-none-eabi-gcc -gdwarf-2 "../Src/main.c" -mcpu=cortex-m3 -std=gnu11 -g3 -DDEBUG -DSTM32 -DSTM32F1 -DSTM32F103C6Tx -c -I../Inc -O0 -ffunction-sections -fdata-sections -Wall -fstack-usage -MMD -MP -MF"Src/main.d" -MT"Src/main.o" --specs=nano.specs -mfloat-abi=soft -mthumb -o "Src/main.o"
arm-none-eabi-gcc -gdwarf-2 "../GPIO/gpio.c" -mcpu=cortex-m3 -std=gnu11 -g3 -DDEBUG -DSTM32 -DSTM32F1 -DSTM32F103C6Tx -c -I../Inc -O0 -ffunction-sections -fdata-sections -Wall -fstack-usage -MMD -MP -MF"GPIO/gpio.d" -MT"GPIO/gpio.o" --specs=nano.specs -mfloat-abi=soft -mthumb -o "GPIO/gpio.o"
In file included from ../Src/main.c:25:
../Inc/gpio.h:176:48: error: unknown type name 'uint6'; did you mean 'uint64'?
  176 | void MCAL_GPIO_WritePort (GPIO_TypeDef* GPIOx, uint6 value );
      |                                                ^~~~~
      |                                                uint64
make: *** [Src/subdir.mk:25: Src/main.o] Error 1
make: *** Waiting for unfinished jobs....
In file included from ../GPIO/gpio.c:9:
../Inc/gpio.h:176:48: error: unknown type name 'uint6'; did you mean 'uint64'?
  176 | void MCAL_GPIO_WritePort (GPIO_TypeDef* GPIOx, uint6 value );
      |                                                ^~~~~
      |                                                uint64
../GPIO/gpio.c: In function 'MCAL_GPIO_LockPIN':
../GPIO/gpio.c:203:2: warning: control reaches end of non-void function [-Wreturn-type]
  203 | {}
      |  ^
make: *** [GPIO/subdir.mk:19: GPIO/gpio.o] Error 1
"make -j6 all" terminated with exit code 2. Build might be incomplete.
05:17:44 **** Incremental Build of configuration Debug for project STM32F103C6 ****
make -j6 all 
arm-none-eabi-gcc -gdwarf-2 "../Src/main.c" -mcpu=cortex-m3 -std=gnu11 -g3 -DDEBUG -DSTM32 -DSTM32F1 -DSTM32F103C6Tx -c -I../Inc -O0 -ffunction-sections -fdata-sections -Wall -fstack-usage -MMD -MP -MF"Src/main.d" -MT"Src/main.o" --specs=nano.specs -mfloat-abi=soft -mthumb -o "Src/main.o"
arm-none-eabi-gcc -gdwarf-2 "../GPIO/gpio.c" -mcpu=cortex-m3 -std=gnu11 -g3 -DDEBUG -DSTM32 -DSTM32F1 -DSTM32F103C6Tx -c -I../Inc -O0 -ffunction-sections -fdata-sections -Wall -fstack-usage -MMD -MP -MF"GPIO/gpio.d" -MT"GPIO/gpio.o" --specs=nano.specs -mfloat-abi=soft -mthumb -o "GPIO/gpio.o"
../GPIO/gpio.c: In function 'MCAL_GPIO_LockPIN':
../GPIO/gpio.c:203:2: warning: control reaches end of non-void function [-Wreturn-type]
  203 | {}
      |  ^
arm-none-eabi-gcc -gdwarf-2 -o "STM32F103C6.elf" @"objects.list"   -mcpu=cortex-m3 -T"F:\Git_Hub\Embedded-Systems\Embedded-Systems\Drivers\STM32F103C6\STM32F103C6TX_FLASH.ld" --specs=nosys.specs -Wl,-Map="STM32F103C6.map" -Wl,--gc-sections -static --specs=nano.specs -mfloat-abi=soft -mthumb -Wl,--start-group -lc -lm -Wl,--end-group
Finished building target: STM32F103C6.elf
 
arm-none-eabi-size   STM32F103C6.elf 
arm-none-eabi-objdump -h -S  STM32F103C6.elf  > "STM32F103C6.list"
   text	   data	    bss	    dec	    hex	filename
    556	      8	   1568	   2132	    854	STM32F103C6.elf
Finished building: default.size.stdout
 
Finished building: STM32F103C6.list
 
05:39:03 **** Incremental Build of configuration Debug for project STM32F103C6 ****
make -j6 all 
arm-none-eabi-gcc -gdwarf-2 "../GPIO/gpio.c" -mcpu=cortex-m3 -std=gnu11 -g3 -DDEBUG -DSTM32 -DSTM32F1 -DSTM32F103C6Tx -c -I../Inc -O0 -ffunction-sections -fdata-sections -Wall -fstack-usage -MMD -MP -MF"GPIO/gpio.d" -MT"GPIO/gpio.o" --specs=nano.specs -mfloat-abi=soft -mthumb -o "GPIO/gpio.o"
../GPIO/gpio.c: In function 'MCAL_GPIO_LockPIN':
../GPIO/gpio.c:210:10: warning: variable 'LCKR_Temp' set but not used [-Wunused-but-set-variable]
  210 |  vuint32 LCKR_Temp;
      |          ^~~~~~~~~
arm-none-eabi-gcc -gdwarf-2 -o "STM32F103C6.elf" @"objects.list"   -mcpu=cortex-m3 -T"F:\Git_Hub\Embedded-Systems\Embedded-Systems\Drivers\STM32F103C6\STM32F103C6TX_FLASH.ld" --specs=nosys.specs -Wl,-Map="STM32F103C6.map" -Wl,--gc-sections -static --specs=nano.specs -mfloat-abi=soft -mthumb -Wl,--start-group -lc -lm -Wl,--end-group
Finished building target: STM32F103C6.elf
 
arm-none-eabi-size   STM32F103C6.elf 
arm-none-eabi-objdump -h -S  STM32F103C6.elf  > "STM32F103C6.list"
   text	   data	    bss	    dec	    hex	filename
    556	      8	   1568	   2132	    854	STM32F103C6.elf
Finished building: default.size.stdout
 
Finished building: STM32F103C6.list
 
05:40:50 **** Incremental Build of configuration Debug for project STM32F103C6 ****
make -j6 all 
arm-none-eabi-gcc -gdwarf-2 "../GPIO/gpio.c" -mcpu=cortex-m3 -std=gnu11 -g3 -DDEBUG -DSTM32 -DSTM32F1 -DSTM32F103C6Tx -c -I../Inc -O0 -ffunction-sections -fdata-sections -Wall -fstack-usage -MMD -MP -MF"GPIO/gpio.d" -MT"GPIO/gpio.o" --specs=nano.specs -mfloat-abi=soft -mthumb -o "GPIO/gpio.o"
arm-none-eabi-gcc -gdwarf-2 -o "STM32F103C6.elf" @"objects.list"   -mcpu=cortex-m3 -T"F:\Git_Hub\Embedded-Systems\Embedded-Systems\Drivers\STM32F103C6\STM32F103C6TX_FLASH.ld" --specs=nosys.specs -Wl,-Map="STM32F103C6.map" -Wl,--gc-sections -static --specs=nano.specs -mfloat-abi=soft -mthumb -Wl,--start-group -lc -lm -Wl,--end-group
Finished building target: STM32F103C6.elf
 
arm-none-eabi-size   STM32F103C6.elf 
arm-none-eabi-objdump -h -S  STM32F103C6.elf  > "STM32F103C6.list"
   text	   data	    bss	    dec	    hex	filename
    556	      8	   1568	   2132	    854	STM32F103C6.elf
Finished building: default.size.stdout
 
Finished building: STM32F103C6.list
 
05:41:50 **** Incremental Build of configuration Debug for project STM32F103C6 ****
make -j6 all 
arm-none-eabi-gcc -gdwarf-2 "../GPIO/gpio.c" -mcpu=cortex-m3 -std=gnu11 -g3 -DDEBUG -DSTM32 -DSTM32F1 -DSTM32F103C6Tx -c -I../Inc -O0 -ffunction-sections -fdata-sections -Wall -fstack-usage -MMD -MP -MF"GPIO/gpio.d" -MT"GPIO/gpio.o" --specs=nano.specs -mfloat-abi=soft -mthumb -o "GPIO/gpio.o"
../GPIO/gpio.c: In function 'MCAL_GPIO_init':
../GPIO/gpio.c:68:22: warning: initialization of 'vuint32' {aka 'volatile long unsigned int'} from 'volatile vuint32 *' {aka 'volatile long unsigned int *'} makes integer from pointer without a cast [-Wint-conversion]
   68 |  vuint32 configReg = (PINConfig->GPIO_PINNumber<8)?&GPIOx->CRL:&GPIOx->CRH;
      |                      ^
../GPIO/gpio.c:69:2: error: invalid type argument of unary '*' (have 'vuint32' {aka 'volatile long unsigned int'})
   69 |  *configReg &= ~(0xf<<getPINPos(PINConfig->GPIO_PINNumber));
      |  ^~~~~~~~~~
../GPIO/gpio.c:92:2: error: invalid type argument of unary '*' (have 'vuint32' {aka 'volatile long unsigned int'})
   92 |  *configReg |= (PIN_TempConfig<<getPINPos(PINConfig->GPIO_PINNumber));
      |  ^~~~~~~~~~
make: *** [GPIO/subdir.mk:19: GPIO/gpio.o] Error 1
"make -j6 all" terminated with exit code 2. Build might be incomplete.
05:42:07 **** Incremental Build of configuration Debug for project STM32F103C6 ****
make -j6 all 
arm-none-eabi-gcc -gdwarf-2 "../GPIO/gpio.c" -mcpu=cortex-m3 -std=gnu11 -g3 -DDEBUG -DSTM32 -DSTM32F1 -DSTM32F103C6Tx -c -I../Inc -O0 -ffunction-sections -fdata-sections -Wall -fstack-usage -MMD -MP -MF"GPIO/gpio.d" -MT"GPIO/gpio.o" --specs=nano.specs -mfloat-abi=soft -mthumb -o "GPIO/gpio.o"
arm-none-eabi-gcc -gdwarf-2 -o "STM32F103C6.elf" @"objects.list"   -mcpu=cortex-m3 -T"F:\Git_Hub\Embedded-Systems\Embedded-Systems\Drivers\STM32F103C6\STM32F103C6TX_FLASH.ld" --specs=nosys.specs -Wl,-Map="STM32F103C6.map" -Wl,--gc-sections -static --specs=nano.specs -mfloat-abi=soft -mthumb -Wl,--start-group -lc -lm -Wl,--end-group
Finished building target: STM32F103C6.elf
 
arm-none-eabi-size   STM32F103C6.elf 
arm-none-eabi-objdump -h -S  STM32F103C6.elf  > "STM32F103C6.list"
   text	   data	    bss	    dec	    hex	filename
    556	      8	   1568	   2132	    854	STM32F103C6.elf
Finished building: default.size.stdout
 
Finished building: STM32F103C6.list
 
05:45:48 **** Incremental Build of configuration Debug for project STM32F103C6 ****
make -j6 all 
arm-none-eabi-gcc -gdwarf-2 "../Src/main.c" -mcpu=cortex-m3 -std=gnu11 -g3 -DDEBUG -DSTM32 -DSTM32F1 -DSTM32F103C6Tx -c -I../Inc -O0 -ffunction-sections -fdata-sections -Wall -fstack-usage -MMD -MP -MF"Src/main.d" -MT"Src/main.o" --specs=nano.specs -mfloat-abi=soft -mthumb -o "Src/main.o"
arm-none-eabi-gcc -gdwarf-2 -o "STM32F103C6.elf" @"objects.list"   -mcpu=cortex-m3 -T"F:\Git_Hub\Embedded-Systems\Embedded-Systems\Drivers\STM32F103C6\STM32F103C6TX_FLASH.ld" --specs=nosys.specs -Wl,-Map="STM32F103C6.map" -Wl,--gc-sections -static --specs=nano.specs -mfloat-abi=soft -mthumb -Wl,--start-group -lc -lm -Wl,--end-group
Finished building target: STM32F103C6.elf
 
arm-none-eabi-size   STM32F103C6.elf 
arm-none-eabi-objdump -h -S  STM32F103C6.elf  > "STM32F103C6.list"
   text	   data	    bss	    dec	    hex	filename
   1324	      8	   1568	   2900	    b54	STM32F103C6.elf
Finished building: default.size.stdout
 
Finished building: STM32F103C6.list
 
14:53:43 **** Incremental Build of configuration Debug for project STM32F103C6 ****
make -j6 all 
arm-none-eabi-gcc -gdwarf-2 "../Src/main.c" -mcpu=cortex-m3 -std=gnu11 -g3 -DDEBUG -DSTM32 -DSTM32F1 -DSTM32F103C6Tx -c -I../Inc -O0 -ffunction-sections -fdata-sections -Wall -fstack-usage -MMD -MP -MF"Src/main.d" -MT"Src/main.o" --specs=nano.specs -mfloat-abi=soft -mthumb -o "Src/main.o"
arm-none-eabi-gcc -gdwarf-2 "../Src/syscalls.c" -mcpu=cortex-m3 -std=gnu11 -g3 -DDEBUG -DSTM32 -DSTM32F1 -DSTM32F103C6Tx -c -I../Inc -O0 -ffunction-sections -fdata-sections -Wall -fstack-usage -MMD -MP -MF"Src/syscalls.d" -MT"Src/syscalls.o" --specs=nano.specs -mfloat-abi=soft -mthumb -o "Src/syscalls.o"
arm-none-eabi-gcc -gdwarf-2 "../Src/sysmem.c" -mcpu=cortex-m3 -std=gnu11 -g3 -DDEBUG -DSTM32 -DSTM32F1 -DSTM32F103C6Tx -c -I../Inc -O0 -ffunction-sections -fdata-sections -Wall -fstack-usage -MMD -MP -MF"Src/sysmem.d" -MT"Src/sysmem.o" --specs=nano.specs -mfloat-abi=soft -mthumb -o "Src/sysmem.o"
arm-none-eabi-gcc -gdwarf-2 "../GPIO/gpio.c" -mcpu=cortex-m3 -std=gnu11 -g3 -DDEBUG -DSTM32 -DSTM32F1 -DSTM32F103C6Tx -c -I../Inc -O0 -ffunction-sections -fdata-sections -Wall -fstack-usage -MMD -MP -MF"GPIO/gpio.d" -MT"GPIO/gpio.o" --specs=nano.specs -mfloat-abi=soft -mthumb -o "GPIO/gpio.o"
arm-none-eabi-gcc -gdwarf-2 -o "STM32F103C6.elf" @"objects.list"   -mcpu=cortex-m3 -T"F:\Git_Hub\Embedded-Systems\Embedded-Systems\Drivers\STM32F103C6\STM32F103C6TX_FLASH.ld" --specs=nosys.specs -Wl,-Map="STM32F103C6.map" -Wl,--gc-sections -static --specs=nano.specs -mfloat-abi=soft -mthumb -Wl,--start-group -lc -lm -Wl,--end-group
Finished building target: STM32F103C6.elf
 
arm-none-eabi-size   STM32F103C6.elf 
arm-none-eabi-objdump -h -S  STM32F103C6.elf  > "STM32F103C6.list"
   text	   data	    bss	    dec	    hex	filename
   1328	      8	   1568	   2904	    b58	STM32F103C6.elf
Finished building: STM32F103C6.list
Finished building: default.size.stdout
 
 
15:00:24 **** Incremental Build of configuration Debug for project STM32F103C6 ****
make -j6 all 
arm-none-eabi-gcc -gdwarf-2 "../Src/main.c" -mcpu=cortex-m3 -std=gnu11 -g3 -DDEBUG -DSTM32 -DSTM32F1 -DSTM32F103C6Tx -c -I../Inc -O0 -ffunction-sections -fdata-sections -Wall -fstack-usage -MMD -MP -MF"Src/main.d" -MT"Src/main.o" --specs=nano.specs -mfloat-abi=soft -mthumb -o "Src/main.o"
arm-none-eabi-gcc -gdwarf-2 -o "STM32F103C6.elf" @"objects.list"   -mcpu=cortex-m3 -T"F:\Git_Hub\Embedded-Systems\Embedded-Systems\Drivers\STM32F103C6\STM32F103C6TX_FLASH.ld" --specs=nosys.specs -Wl,-Map="STM32F103C6.map" -Wl,--gc-sections -static --specs=nano.specs -mfloat-abi=soft -mthumb -Wl,--start-group -lc -lm -Wl,--end-group
Finished building target: STM32F103C6.elf
 
arm-none-eabi-size   STM32F103C6.elf 
arm-none-eabi-objdump -h -S  STM32F103C6.elf  > "STM32F103C6.list"
   text	   data	    bss	    dec	    hex	filename
   1328	      8	   1568	   2904	    b58	STM32F103C6.elf
Finished building: default.size.stdout
 
Finished building: STM32F103C6.list
 
15:34:41 **** Incremental Build of configuration Debug for project STM32F103C6 ****
make -j6 all 
arm-none-eabi-gcc -gdwarf-2 "../Src/main.c" -mcpu=cortex-m3 -std=gnu11 -g3 -DDEBUG -DSTM32 -DSTM32F1 -DSTM32F103C6Tx -c -I../Inc -O0 -ffunction-sections -fdata-sections -Wall -fstack-usage -MMD -MP -MF"Src/main.d" -MT"Src/main.o" --specs=nano.specs -mfloat-abi=soft -mthumb -o "Src/main.o"
arm-none-eabi-gcc -gdwarf-2 "../GPIO/gpio.c" -mcpu=cortex-m3 -std=gnu11 -g3 -DDEBUG -DSTM32 -DSTM32F1 -DSTM32F103C6Tx -c -I../Inc -O0 -ffunction-sections -fdata-sections -Wall -fstack-usage -MMD -MP -MF"GPIO/gpio.d" -MT"GPIO/gpio.o" --specs=nano.specs -mfloat-abi=soft -mthumb -o "GPIO/gpio.o"
arm-none-eabi-gcc -gdwarf-2 -o "STM32F103C6.elf" @"objects.list"   -mcpu=cortex-m3 -T"F:\Git_Hub\Embedded-Systems\Embedded-Systems\Drivers\STM32F103C6\STM32F103C6TX_FLASH.ld" --specs=nosys.specs -Wl,-Map="STM32F103C6.map" -Wl,--gc-sections -static --specs=nano.specs -mfloat-abi=soft -mthumb -Wl,--start-group -lc -lm -Wl,--end-group
Finished building target: STM32F103C6.elf
 
arm-none-eabi-size   STM32F103C6.elf 
arm-none-eabi-objdump -h -S  STM32F103C6.elf  > "STM32F103C6.list"
   text	   data	    bss	    dec	    hex	filename
   1328	      8	   1568	   2904	    b58	STM32F103C6.elf
Finished building: default.size.stdout
 
Finished building: STM32F103C6.list
 
15:38:10 **** Incremental Build of configuration Debug for project STM32F103C6 ****
make -j6 all 
arm-none-eabi-gcc -gdwarf-2 "../Src/main.c" -mcpu=cortex-m3 -std=gnu11 -g3 -DDEBUG -DSTM32 -DSTM32F1 -DSTM32F103C6Tx -c -I../Inc -O0 -ffunction-sections -fdata-sections -Wall -fstack-usage -MMD -MP -MF"Src/main.d" -MT"Src/main.o" --specs=nano.specs -mfloat-abi=soft -mthumb -o "Src/main.o"
arm-none-eabi-gcc -gdwarf-2 -o "STM32F103C6.elf" @"objects.list"   -mcpu=cortex-m3 -T"F:\Git_Hub\Embedded-Systems\Embedded-Systems\Drivers\STM32F103C6\STM32F103C6TX_FLASH.ld" --specs=nosys.specs -Wl,-Map="STM32F103C6.map" -Wl,--gc-sections -static --specs=nano.specs -mfloat-abi=soft -mthumb -Wl,--start-group -lc -lm -Wl,--end-group
Finished building target: STM32F103C6.elf
 
arm-none-eabi-size   STM32F103C6.elf 
arm-none-eabi-objdump -h -S  STM32F103C6.elf  > "STM32F103C6.list"
   text	   data	    bss	    dec	    hex	filename
   1328	      8	   1568	   2904	    b58	STM32F103C6.elf
Finished building: default.size.stdout
 
Finished building: STM32F103C6.list
 
15:44:11 **** Incremental Build of configuration Debug for project STM32F103C6 ****
make -j6 all 
arm-none-eabi-gcc -gdwarf-2 "../Src/main.c" -mcpu=cortex-m3 -std=gnu11 -g3 -DDEBUG -DSTM32 -DSTM32F1 -DSTM32F103C6Tx -c -I../Inc -O0 -ffunction-sections -fdata-sections -Wall -fstack-usage -MMD -MP -MF"Src/main.d" -MT"Src/main.o" --specs=nano.specs -mfloat-abi=soft -mthumb -o "Src/main.o"
arm-none-eabi-gcc -gdwarf-2 -o "STM32F103C6.elf" @"objects.list"   -mcpu=cortex-m3 -T"F:\Git_Hub\Embedded-Systems\Embedded-Systems\Drivers\STM32F103C6\STM32F103C6TX_FLASH.ld" --specs=nosys.specs -Wl,-Map="STM32F103C6.map" -Wl,--gc-sections -static --specs=nano.specs -mfloat-abi=soft -mthumb -Wl,--start-group -lc -lm -Wl,--end-group
Finished building target: STM32F103C6.elf
 
arm-none-eabi-size   STM32F103C6.elf 
arm-none-eabi-objdump -h -S  STM32F103C6.elf  > "STM32F103C6.list"
   text	   data	    bss	    dec	    hex	filename
   1328	      8	   1568	   2904	    b58	STM32F103C6.elf
Finished building: default.size.stdout
 
Finished building: STM32F103C6.list
 
15:48:05 **** Incremental Build of configuration Debug for project STM32F103C6 ****
make -j6 all 
arm-none-eabi-gcc -gdwarf-2 "../Src/main.c" -mcpu=cortex-m3 -std=gnu11 -g3 -DDEBUG -DSTM32 -DSTM32F1 -DSTM32F103C6Tx -c -I../Inc -O0 -ffunction-sections -fdata-sections -Wall -fstack-usage -MMD -MP -MF"Src/main.d" -MT"Src/main.o" --specs=nano.specs -mfloat-abi=soft -mthumb -o "Src/main.o"
arm-none-eabi-gcc -gdwarf-2 -o "STM32F103C6.elf" @"objects.list"   -mcpu=cortex-m3 -T"F:\Git_Hub\Embedded-Systems\Embedded-Systems\Drivers\STM32F103C6\STM32F103C6TX_FLASH.ld" --specs=nosys.specs -Wl,-Map="STM32F103C6.map" -Wl,--gc-sections -static --specs=nano.specs -mfloat-abi=soft -mthumb -Wl,--start-group -lc -lm -Wl,--end-group
Finished building target: STM32F103C6.elf
 
arm-none-eabi-size   STM32F103C6.elf 
arm-none-eabi-objdump -h -S  STM32F103C6.elf  > "STM32F103C6.list"
   text	   data	    bss	    dec	    hex	filename
   1264	      8	   1568	   2840	    b18	STM32F103C6.elf
Finished building: default.size.stdout
 
Finished building: STM32F103C6.list
 
15:51:13 **** Incremental Build of configuration Debug for project STM32F103C6 ****
make -j6 all 
arm-none-eabi-gcc -gdwarf-2 "../Src/main.c" -mcpu=cortex-m3 -std=gnu11 -g3 -DDEBUG -DSTM32 -DSTM32F1 -DSTM32F103C6Tx -c -I../Inc -O0 -ffunction-sections -fdata-sections -Wall -fstack-usage -MMD -MP -MF"Src/main.d" -MT"Src/main.o" --specs=nano.specs -mfloat-abi=soft -mthumb -o "Src/main.o"
arm-none-eabi-gcc -gdwarf-2 -o "STM32F103C6.elf" @"objects.list"   -mcpu=cortex-m3 -T"F:\Git_Hub\Embedded-Systems\Embedded-Systems\Drivers\STM32F103C6\STM32F103C6TX_FLASH.ld" --specs=nosys.specs -Wl,-Map="STM32F103C6.map" -Wl,--gc-sections -static --specs=nano.specs -mfloat-abi=soft -mthumb -Wl,--start-group -lc -lm -Wl,--end-group
Finished building target: STM32F103C6.elf
 
arm-none-eabi-size   STM32F103C6.elf 
arm-none-eabi-objdump -h -S  STM32F103C6.elf  > "STM32F103C6.list"
   text	   data	    bss	    dec	    hex	filename
   1264	      8	   1568	   2840	    b18	STM32F103C6.elf
Finished building: default.size.stdout
 
Finished building: STM32F103C6.list
 
16:20:57 **** Incremental Build of configuration Debug for project STM32F103C6 ****
make -j6 all 
arm-none-eabi-gcc -gdwarf-2 "../Src/main.c" -mcpu=cortex-m3 -std=gnu11 -g3 -DDEBUG -DSTM32 -DSTM32F1 -DSTM32F103C6Tx -c -I../Inc -O0 -ffunction-sections -fdata-sections -Wall -fstack-usage -MMD -MP -MF"Src/main.d" -MT"Src/main.o" --specs=nano.specs -mfloat-abi=soft -mthumb -o "Src/main.o"
arm-none-eabi-gcc -gdwarf-2 -o "STM32F103C6.elf" @"objects.list"   -mcpu=cortex-m3 -T"F:\Git_Hub\Embedded-Systems\Embedded-Systems\Drivers\STM32F103C6\STM32F103C6TX_FLASH.ld" --specs=nosys.specs -Wl,-Map="STM32F103C6.map" -Wl,--gc-sections -static --specs=nano.specs -mfloat-abi=soft -mthumb -Wl,--start-group -lc -lm -Wl,--end-group
Finished building target: STM32F103C6.elf
 
arm-none-eabi-size   STM32F103C6.elf 
arm-none-eabi-objdump -h -S  STM32F103C6.elf  > "STM32F103C6.list"
   text	   data	    bss	    dec	    hex	filename
   1328	      8	   1568	   2904	    b58	STM32F103C6.elf
Finished building: default.size.stdout
 
Finished building: STM32F103C6.list
 
16:23:29 **** Incremental Build of configuration Debug for project STM32F103C6 ****
make -j6 all 
arm-none-eabi-gcc -gdwarf-2 "../Src/main.c" -mcpu=cortex-m3 -std=gnu11 -g3 -DDEBUG -DSTM32 -DSTM32F1 -DSTM32F103C6Tx -c -I../Inc -O0 -ffunction-sections -fdata-sections -Wall -fstack-usage -MMD -MP -MF"Src/main.d" -MT"Src/main.o" --specs=nano.specs -mfloat-abi=soft -mthumb -o "Src/main.o"
arm-none-eabi-gcc -gdwarf-2 -o "STM32F103C6.elf" @"objects.list"   -mcpu=cortex-m3 -T"F:\Git_Hub\Embedded-Systems\Embedded-Systems\Drivers\STM32F103C6\STM32F103C6TX_FLASH.ld" --specs=nosys.specs -Wl,-Map="STM32F103C6.map" -Wl,--gc-sections -static --specs=nano.specs -mfloat-abi=soft -mthumb -Wl,--start-group -lc -lm -Wl,--end-group
Finished building target: STM32F103C6.elf
 
arm-none-eabi-size   STM32F103C6.elf 
arm-none-eabi-objdump -h -S  STM32F103C6.elf  > "STM32F103C6.list"
   text	   data	    bss	    dec	    hex	filename
   1328	      8	   1568	   2904	    b58	STM32F103C6.elf
Finished building: default.size.stdout
 
Finished building: STM32F103C6.list
 
22:51:17 **** Clean-only build of configuration Debug for project STM32F103C6 ****
make -j6 clean 
rm -rf ./Startup/startup_stm32f103c6tx.d ./Startup/startup_stm32f103c6tx.o
rm -rf ./Src/main.d ./Src/main.o ./Src/main.su ./Src/syscalls.d ./Src/syscalls.o ./Src/syscalls.su ./Src/sysmem.d ./Src/sysmem.o ./Src/sysmem.su
rm -rf ./GPIO/gpio.d ./GPIO/gpio.o ./GPIO/gpio.su
rm -rf STM32F103C6.elf STM32F103C6.list STM32F103C6.map default.size.stdout
 
22:51:20 **** Incremental Build of configuration Debug for project STM32F103C6 ****
make -j6 all 
arm-none-eabi-gcc -gdwarf-2 -mcpu=cortex-m3 -g3 -DDEBUG -c -x assembler-with-cpp -MMD -MP -MF"Startup/startup_stm32f103c6tx.d" -MT"Startup/startup_stm32f103c6tx.o" --specs=nano.specs -mfloat-abi=soft -mthumb -o "Startup/startup_stm32f103c6tx.o" "../Startup/startup_stm32f103c6tx.s"
arm-none-eabi-gcc -gdwarf-2 "../Src/main.c" -mcpu=cortex-m3 -std=gnu11 -g3 -DDEBUG -DSTM32 -DSTM32F1 -DSTM32F103C6Tx -c -I../Inc -O0 -ffunction-sections -fdata-sections -Wall -fstack-usage -MMD -MP -MF"Src/main.d" -MT"Src/main.o" --specs=nano.specs -mfloat-abi=soft -mthumb -o "Src/main.o"
arm-none-eabi-gcc -gdwarf-2 "../Src/syscalls.c" -mcpu=cortex-m3 -std=gnu11 -g3 -DDEBUG -DSTM32 -DSTM32F1 -DSTM32F103C6Tx -c -I../Inc -O0 -ffunction-sections -fdata-sections -Wall -fstack-usage -MMD -MP -MF"Src/syscalls.d" -MT"Src/syscalls.o" --specs=nano.specs -mfloat-abi=soft -mthumb -o "Src/syscalls.o"
arm-none-eabi-gcc -gdwarf-2 "../Src/sysmem.c" -mcpu=cortex-m3 -std=gnu11 -g3 -DDEBUG -DSTM32 -DSTM32F1 -DSTM32F103C6Tx -c -I../Inc -O0 -ffunction-sections -fdata-sections -Wall -fstack-usage -MMD -MP -MF"Src/sysmem.d" -MT"Src/sysmem.o" --specs=nano.specs -mfloat-abi=soft -mthumb -o "Src/sysmem.o"
arm-none-eabi-gcc -gdwarf-2 "../MCAL/GPIO/gpio.c" -mcpu=cortex-m3 -std=gnu11 -g3 -DDEBUG -DSTM32 -DSTM32F1 -DSTM32F103C6Tx -c -I../Inc -O0 -ffunction-sections -fdata-sections -Wall -fstack-usage -MMD -MP -MF"MCAL/GPIO/gpio.d" -MT"MCAL/GPIO/gpio.o" --specs=nano.specs -mfloat-abi=soft -mthumb -o "MCAL/GPIO/gpio.o"
arm-none-eabi-gcc -gdwarf-2 -o "STM32F103C6.elf" @"objects.list"   -mcpu=cortex-m3 -T"F:\Git_Hub\Embedded-Systems\Embedded-Systems\Drivers\STM32F103C6\STM32F103C6TX_FLASH.ld" --specs=nosys.specs -Wl,-Map="STM32F103C6.map" -Wl,--gc-sections -static --specs=nano.specs -mfloat-abi=soft -mthumb -Wl,--start-group -lc -lm -Wl,--end-group
Finished building target: STM32F103C6.elf
 
arm-none-eabi-size   STM32F103C6.elf 
arm-none-eabi-objdump -h -S  STM32F103C6.elf  > "STM32F103C6.list"
   text	   data	    bss	    dec	    hex	filename
   1328	      8	   1568	   2904	    b58	STM32F103C6.elf
Finished building: default.size.stdout
 
Finished building: STM32F103C6.list
 
23:17:40 **** Incremental Build of configuration Debug for project STM32F103C6 ****
make -j6 all 
arm-none-eabi-gcc -gdwarf-2 "../Src/main.c" -mcpu=cortex-m3 -std=gnu11 -g3 -DDEBUG -DSTM32 -DSTM32F1 -DSTM32F103C6Tx -c -I../Inc -O0 -ffunction-sections -fdata-sections -Wall -fstack-usage -MMD -MP -MF"Src/main.d" -MT"Src/main.o" --specs=nano.specs -mfloat-abi=soft -mthumb -o "Src/main.o"
arm-none-eabi-gcc -gdwarf-2 -o "STM32F103C6.elf" @"objects.list"   -mcpu=cortex-m3 -T"F:\Git_Hub\Embedded-Systems\Embedded-Systems\Drivers\STM32F103C6\STM32F103C6TX_FLASH.ld" --specs=nosys.specs -Wl,-Map="STM32F103C6.map" -Wl,--gc-sections -static --specs=nano.specs -mfloat-abi=soft -mthumb -Wl,--start-group -lc -lm -Wl,--end-group
Finished building target: STM32F103C6.elf
 
arm-none-eabi-size   STM32F103C6.elf 
arm-none-eabi-objdump -h -S  STM32F103C6.elf  > "STM32F103C6.list"
   text	   data	    bss	    dec	    hex	filename
   1328	      8	   1568	   2904	    b58	STM32F103C6.elf
Finished building: default.size.stdout
 
Finished building: STM32F103C6.list
 
23:18:12 **** Incremental Build of configuration Debug for project STM32F103C6 ****
make -j6 all 
arm-none-eabi-size   STM32F103C6.elf 
   text	   data	    bss	    dec	    hex	filename
   1328	      8	   1568	   2904	    b58	STM32F103C6.elf
Finished building: default.size.stdout
 
23:19:30 **** Incremental Build of configuration Debug for project STM32F103C6 ****
make -j6 all 
arm-none-eabi-size   STM32F103C6.elf 
   text	   data	    bss	    dec	    hex	filename
   1328	      8	   1568	   2904	    b58	STM32F103C6.elf
Finished building: default.size.stdout
 
23:19:48 **** Incremental Build of configuration Debug for project STM32F103C6 ****
make -j6 all 
arm-none-eabi-size   STM32F103C6.elf 
   text	   data	    bss	    dec	    hex	filename
   1328	      8	   1568	   2904	    b58	STM32F103C6.elf
Finished building: default.size.stdout
 
23:19:56 **** Incremental Build of configuration Debug for project STM32F103C6 ****
make -j6 all 
arm-none-eabi-size   STM32F103C6.elf 
   text	   data	    bss	    dec	    hex	filename
   1328	      8	   1568	   2904	    b58	STM32F103C6.elf
Finished building: default.size.stdout
 
23:20:08 **** Incremental Build of configuration Debug for project STM32F103C6 ****
make -j6 all 
arm-none-eabi-size   STM32F103C6.elf 
   text	   data	    bss	    dec	    hex	filename
   1328	      8	   1568	   2904	    b58	STM32F103C6.elf
Finished building: default.size.stdout
 
03:06:41 **** Clean-only build of configuration Debug for project STM32F103C6 ****
make -j6 clean 
rm -rf ./Startup/startup_stm32f103c6tx.d ./Startup/startup_stm32f103c6tx.o
rm -rf ./Src/main.d ./Src/main.o ./Src/main.su ./Src/syscalls.d ./Src/syscalls.o ./Src/syscalls.su ./Src/sysmem.d ./Src/sysmem.o ./Src/sysmem.su
rm -rf ./MCAL/GPIO/gpio.d ./MCAL/GPIO/gpio.o ./MCAL/GPIO/gpio.su
rm -rf STM32F103C6.elf STM32F103C6.list STM32F103C6.map default.size.stdout
 
03:06:43 **** Incremental Build of configuration Debug for project STM32F103C6 ****
make -j6 all 
arm-none-eabi-gcc -gdwarf-2 -mcpu=cortex-m3 -g3 -DDEBUG -c -x assembler-with-cpp -MMD -MP -MF"Startup/startup_stm32f103c6tx.d" -MT"Startup/startup_stm32f103c6tx.o" --specs=nano.specs -mfloat-abi=soft -mthumb -o "Startup/startup_stm32f103c6tx.o" "../Startup/startup_stm32f103c6tx.s"
arm-none-eabi-gcc -gdwarf-2 "../Src/main.c" -mcpu=cortex-m3 -std=gnu11 -g3 -DDEBUG -DSTM32 -DSTM32F1 -DSTM32F103C6Tx -c -I../Inc -I"F:/Git_Hub/Embedded-Systems/Embedded-Systems/Drivers/STM32F103C6/HAL/HAL_Includes" -I"F:/Git_Hub/Embedded-Systems/Embedded-Systems/Drivers/STM32F103C6/MCAL/MCAL_Includes" -O0 -ffunction-sections -fdata-sections -Wall -fstack-usage -MMD -MP -MF"Src/main.d" -MT"Src/main.o" --specs=nano.specs -mfloat-abi=soft -mthumb -o "Src/main.o"
arm-none-eabi-gcc -gdwarf-2 "../Src/syscalls.c" -mcpu=cortex-m3 -std=gnu11 -g3 -DDEBUG -DSTM32 -DSTM32F1 -DSTM32F103C6Tx -c -I../Inc -I"F:/Git_Hub/Embedded-Systems/Embedded-Systems/Drivers/STM32F103C6/HAL/HAL_Includes" -I"F:/Git_Hub/Embedded-Systems/Embedded-Systems/Drivers/STM32F103C6/MCAL/MCAL_Includes" -O0 -ffunction-sections -fdata-sections -Wall -fstack-usage -MMD -MP -MF"Src/syscalls.d" -MT"Src/syscalls.o" --specs=nano.specs -mfloat-abi=soft -mthumb -o "Src/syscalls.o"
arm-none-eabi-gcc -gdwarf-2 "../Src/sysmem.c" -mcpu=cortex-m3 -std=gnu11 -g3 -DDEBUG -DSTM32 -DSTM32F1 -DSTM32F103C6Tx -c -I../Inc -I"F:/Git_Hub/Embedded-Systems/Embedded-Systems/Drivers/STM32F103C6/HAL/HAL_Includes" -I"F:/Git_Hub/Embedded-Systems/Embedded-Systems/Drivers/STM32F103C6/MCAL/MCAL_Includes" -O0 -ffunction-sections -fdata-sections -Wall -fstack-usage -MMD -MP -MF"Src/sysmem.d" -MT"Src/sysmem.o" --specs=nano.specs -mfloat-abi=soft -mthumb -o "Src/sysmem.o"
arm-none-eabi-gcc -gdwarf-2 "../MCAL/GPIO/gpio.c" -mcpu=cortex-m3 -std=gnu11 -g3 -DDEBUG -DSTM32 -DSTM32F1 -DSTM32F103C6Tx -c -I../Inc -I"F:/Git_Hub/Embedded-Systems/Embedded-Systems/Drivers/STM32F103C6/HAL/HAL_Includes" -I"F:/Git_Hub/Embedded-Systems/Embedded-Systems/Drivers/STM32F103C6/MCAL/MCAL_Includes" -O0 -ffunction-sections -fdata-sections -Wall -fstack-usage -MMD -MP -MF"MCAL/GPIO/gpio.d" -MT"MCAL/GPIO/gpio.o" --specs=nano.specs -mfloat-abi=soft -mthumb -o "MCAL/GPIO/gpio.o"
arm-none-eabi-gcc -gdwarf-2 "../HAL/Keypad/keypad.c" -mcpu=cortex-m3 -std=gnu11 -g3 -DDEBUG -DSTM32 -DSTM32F1 -DSTM32F103C6Tx -c -I../Inc -I"F:/Git_Hub/Embedded-Systems/Embedded-Systems/Drivers/STM32F103C6/HAL/HAL_Includes" -I"F:/Git_Hub/Embedded-Systems/Embedded-Systems/Drivers/STM32F103C6/MCAL/MCAL_Includes" -O0 -ffunction-sections -fdata-sections -Wall -fstack-usage -MMD -MP -MF"HAL/Keypad/keypad.d" -MT"HAL/Keypad/keypad.o" --specs=nano.specs -mfloat-abi=soft -mthumb -o "HAL/Keypad/keypad.o"
In file included from ../HAL/Keypad/keypad.c:12:
../HAL/Keypad/keypad.c: In function 'KEYPAD_getPressedKey':
F:/Git_Hub/Embedded-Systems/Embedded-Systems/Drivers/STM32F103C6/HAL/HAL_Includes/keypad.h:28:42: error: 'LOGIC_HIGH' undeclared (first use in this function)
   28 | #define KEYPAD_BUTTON_PRESSED            LOGIC_HIGH
      |                                          ^~~~~~~~~~
../HAL/Keypad/keypad.c:70:73: note: in expansion of macro 'KEYPAD_BUTTON_PRESSED'
   70 |     if(MCAL_GPIO_ReadPIN(KEYPAD_PORT_ID, row+KEYPAD_FIRST_ROW_PIN_ID)== KEYPAD_BUTTON_PRESSED)
      |                                                                         ^~~~~~~~~~~~~~~~~~~~~
F:/Git_Hub/Embedded-Systems/Embedded-Systems/Drivers/STM32F103C6/HAL/HAL_Includes/keypad.h:28:42: note: each undeclared identifier is reported only once for each function it appears in
   28 | #define KEYPAD_BUTTON_PRESSED            LOGIC_HIGH
      |                                          ^~~~~~~~~~
../HAL/Keypad/keypad.c:70:73: note: in expansion of macro 'KEYPAD_BUTTON_PRESSED'
   70 |     if(MCAL_GPIO_ReadPIN(KEYPAD_PORT_ID, row+KEYPAD_FIRST_ROW_PIN_ID)== KEYPAD_BUTTON_PRESSED)
      |                                                                         ^~~~~~~~~~~~~~~~~~~~~
make: *** [HAL/Keypad/subdir.mk:19: HAL/Keypad/keypad.o] Error 1
"make -j6 all" terminated with exit code 2. Build might be incomplete.
03:09:05 **** Incremental Build of configuration Debug for project STM32F103C6 ****
make -j6 all 
arm-none-eabi-gcc -gdwarf-2 "../Src/main.c" -mcpu=cortex-m3 -std=gnu11 -g3 -DDEBUG -DSTM32 -DSTM32F1 -DSTM32F103C6Tx -c -I../Inc -I"F:/Git_Hub/Embedded-Systems/Embedded-Systems/Drivers/STM32F103C6/HAL/HAL_Includes" -I"F:/Git_Hub/Embedded-Systems/Embedded-Systems/Drivers/STM32F103C6/MCAL/MCAL_Includes" -O0 -ffunction-sections -fdata-sections -Wall -fstack-usage -MMD -MP -MF"Src/main.d" -MT"Src/main.o" --specs=nano.specs -mfloat-abi=soft -mthumb -o "Src/main.o"
arm-none-eabi-gcc -gdwarf-2 "../MCAL/GPIO/gpio.c" -mcpu=cortex-m3 -std=gnu11 -g3 -DDEBUG -DSTM32 -DSTM32F1 -DSTM32F103C6Tx -c -I../Inc -I"F:/Git_Hub/Embedded-Systems/Embedded-Systems/Drivers/STM32F103C6/HAL/HAL_Includes" -I"F:/Git_Hub/Embedded-Systems/Embedded-Systems/Drivers/STM32F103C6/MCAL/MCAL_Includes" -O0 -ffunction-sections -fdata-sections -Wall -fstack-usage -MMD -MP -MF"MCAL/GPIO/gpio.d" -MT"MCAL/GPIO/gpio.o" --specs=nano.specs -mfloat-abi=soft -mthumb -o "MCAL/GPIO/gpio.o"
arm-none-eabi-gcc -gdwarf-2 "../HAL/Keypad/keypad.c" -mcpu=cortex-m3 -std=gnu11 -g3 -DDEBUG -DSTM32 -DSTM32F1 -DSTM32F103C6Tx -c -I../Inc -I"F:/Git_Hub/Embedded-Systems/Embedded-Systems/Drivers/STM32F103C6/HAL/HAL_Includes" -I"F:/Git_Hub/Embedded-Systems/Embedded-Systems/Drivers/STM32F103C6/MCAL/MCAL_Includes" -O0 -ffunction-sections -fdata-sections -Wall -fstack-usage -MMD -MP -MF"HAL/Keypad/keypad.d" -MT"HAL/Keypad/keypad.o" --specs=nano.specs -mfloat-abi=soft -mthumb -o "HAL/Keypad/keypad.o"
In file included from ../HAL/Keypad/keypad.c:12:
../HAL/Keypad/keypad.c: In function 'KEYPAD_getPressedKey':
F:/Git_Hub/Embedded-Systems/Embedded-Systems/Drivers/STM32F103C6/HAL/HAL_Includes/keypad.h:29:42: error: 'LOGIC_HIGH' undeclared (first use in this function)
   29 | #define KEYPAD_BUTTON_PRESSED            LOGIC_HIGH
      |                                          ^~~~~~~~~~
../HAL/Keypad/keypad.c:70:73: note: in expansion of macro 'KEYPAD_BUTTON_PRESSED'
   70 |     if(MCAL_GPIO_ReadPIN(KEYPAD_PORT_ID, row+KEYPAD_FIRST_ROW_PIN_ID)== KEYPAD_BUTTON_PRESSED)
      |                                                                         ^~~~~~~~~~~~~~~~~~~~~
F:/Git_Hub/Embedded-Systems/Embedded-Systems/Drivers/STM32F103C6/HAL/HAL_Includes/keypad.h:29:42: note: each undeclared identifier is reported only once for each function it appears in
   29 | #define KEYPAD_BUTTON_PRESSED            LOGIC_HIGH
      |                                          ^~~~~~~~~~
../HAL/Keypad/keypad.c:70:73: note: in expansion of macro 'KEYPAD_BUTTON_PRESSED'
   70 |     if(MCAL_GPIO_ReadPIN(KEYPAD_PORT_ID, row+KEYPAD_FIRST_ROW_PIN_ID)== KEYPAD_BUTTON_PRESSED)
      |                                                                         ^~~~~~~~~~~~~~~~~~~~~
make: *** [HAL/Keypad/subdir.mk:19: HAL/Keypad/keypad.o] Error 1
"make -j6 all" terminated with exit code 2. Build might be incomplete.
03:10:38 **** Incremental Build of configuration Debug for project STM32F103C6 ****
make -j6 all 
arm-none-eabi-gcc -gdwarf-2 "../Src/main.c" -mcpu=cortex-m3 -std=gnu11 -g3 -DDEBUG -DSTM32 -DSTM32F1 -DSTM32F103C6Tx -c -I../Inc -I"F:/Git_Hub/Embedded-Systems/Embedded-Systems/Drivers/STM32F103C6/HAL/HAL_Includes" -I"F:/Git_Hub/Embedded-Systems/Embedded-Systems/Drivers/STM32F103C6/MCAL/MCAL_Includes" -O0 -ffunction-sections -fdata-sections -Wall -fstack-usage -MMD -MP -MF"Src/main.d" -MT"Src/main.o" --specs=nano.specs -mfloat-abi=soft -mthumb -o "Src/main.o"
arm-none-eabi-gcc -gdwarf-2 "../MCAL/GPIO/gpio.c" -mcpu=cortex-m3 -std=gnu11 -g3 -DDEBUG -DSTM32 -DSTM32F1 -DSTM32F103C6Tx -c -I../Inc -I"F:/Git_Hub/Embedded-Systems/Embedded-Systems/Drivers/STM32F103C6/HAL/HAL_Includes" -I"F:/Git_Hub/Embedded-Systems/Embedded-Systems/Drivers/STM32F103C6/MCAL/MCAL_Includes" -O0 -ffunction-sections -fdata-sections -Wall -fstack-usage -MMD -MP -MF"MCAL/GPIO/gpio.d" -MT"MCAL/GPIO/gpio.o" --specs=nano.specs -mfloat-abi=soft -mthumb -o "MCAL/GPIO/gpio.o"
arm-none-eabi-gcc -gdwarf-2 "../HAL/Keypad/keypad.c" -mcpu=cortex-m3 -std=gnu11 -g3 -DDEBUG -DSTM32 -DSTM32F1 -DSTM32F103C6Tx -c -I../Inc -I"F:/Git_Hub/Embedded-Systems/Embedded-Systems/Drivers/STM32F103C6/HAL/HAL_Includes" -I"F:/Git_Hub/Embedded-Systems/Embedded-Systems/Drivers/STM32F103C6/MCAL/MCAL_Includes" -O0 -ffunction-sections -fdata-sections -Wall -fstack-usage -MMD -MP -MF"HAL/Keypad/keypad.d" -MT"HAL/Keypad/keypad.o" --specs=nano.specs -mfloat-abi=soft -mthumb -o "HAL/Keypad/keypad.o"
In file included from F:/Git_Hub/Embedded-Systems/Embedded-Systems/Drivers/STM32F103C6/HAL/HAL_Includes/keypad.h:11,
                 from ../HAL/Keypad/keypad.c:12:
../HAL/Keypad/keypad.c: In function 'KEYPAD_getPressedKey':
../Inc/Platform_Data_Types.h:50:33: error: missing binary operator before token "1"
   50 | #define LOGIC_HIGH       (uint8)1
      |                                 ^
F:/Git_Hub/Embedded-Systems/Embedded-Systems/Drivers/STM32F103C6/HAL/HAL_Includes/keypad.h:29:42: note: in expansion of macro 'LOGIC_HIGH'
   29 | #define KEYPAD_BUTTON_PRESSED            LOGIC_HIGH
      |                                          ^~~~~~~~~~
../HAL/Keypad/keypad.c:52:5: note: in expansion of macro 'KEYPAD_BUTTON_PRESSED'
   52 | #if(KEYPAD_BUTTON_PRESSED == LOGIC_LOW)
      |     ^~~~~~~~~~~~~~~~~~~~~
make: *** [HAL/Keypad/subdir.mk:19: HAL/Keypad/keypad.o] Error 1
"make -j6 all" terminated with exit code 2. Build might be incomplete.
03:12:07 **** Incremental Build of configuration Debug for project STM32F103C6 ****
make -j6 all 
arm-none-eabi-gcc -gdwarf-2 "../Src/main.c" -mcpu=cortex-m3 -std=gnu11 -g3 -DDEBUG -DSTM32 -DSTM32F1 -DSTM32F103C6Tx -c -I../Inc -I"F:/Git_Hub/Embedded-Systems/Embedded-Systems/Drivers/STM32F103C6/HAL/HAL_Includes" -I"F:/Git_Hub/Embedded-Systems/Embedded-Systems/Drivers/STM32F103C6/MCAL/MCAL_Includes" -O0 -ffunction-sections -fdata-sections -Wall -fstack-usage -MMD -MP -MF"Src/main.d" -MT"Src/main.o" --specs=nano.specs -mfloat-abi=soft -mthumb -o "Src/main.o"
arm-none-eabi-gcc -gdwarf-2 "../MCAL/GPIO/gpio.c" -mcpu=cortex-m3 -std=gnu11 -g3 -DDEBUG -DSTM32 -DSTM32F1 -DSTM32F103C6Tx -c -I../Inc -I"F:/Git_Hub/Embedded-Systems/Embedded-Systems/Drivers/STM32F103C6/HAL/HAL_Includes" -I"F:/Git_Hub/Embedded-Systems/Embedded-Systems/Drivers/STM32F103C6/MCAL/MCAL_Includes" -O0 -ffunction-sections -fdata-sections -Wall -fstack-usage -MMD -MP -MF"MCAL/GPIO/gpio.d" -MT"MCAL/GPIO/gpio.o" --specs=nano.specs -mfloat-abi=soft -mthumb -o "MCAL/GPIO/gpio.o"
arm-none-eabi-gcc -gdwarf-2 "../HAL/Keypad/keypad.c" -mcpu=cortex-m3 -std=gnu11 -g3 -DDEBUG -DSTM32 -DSTM32F1 -DSTM32F103C6Tx -c -I../Inc -I"F:/Git_Hub/Embedded-Systems/Embedded-Systems/Drivers/STM32F103C6/HAL/HAL_Includes" -I"F:/Git_Hub/Embedded-Systems/Embedded-Systems/Drivers/STM32F103C6/MCAL/MCAL_Includes" -O0 -ffunction-sections -fdata-sections -Wall -fstack-usage -MMD -MP -MF"HAL/Keypad/keypad.d" -MT"HAL/Keypad/keypad.o" --specs=nano.specs -mfloat-abi=soft -mthumb -o "HAL/Keypad/keypad.o"
arm-none-eabi-gcc -gdwarf-2 -o "STM32F103C6.elf" @"objects.list"   -mcpu=cortex-m3 -T"F:\Git_Hub\Embedded-Systems\Embedded-Systems\Drivers\STM32F103C6\STM32F103C6TX_FLASH.ld" --specs=nosys.specs -Wl,-Map="STM32F103C6.map" -Wl,--gc-sections -static --specs=nano.specs -mfloat-abi=soft -mthumb -Wl,--start-group -lc -lm -Wl,--end-group
Finished building target: STM32F103C6.elf
 
arm-none-eabi-size   STM32F103C6.elf 
arm-none-eabi-objdump -h -S  STM32F103C6.elf  > "STM32F103C6.list"
   text	   data	    bss	    dec	    hex	filename
   1328	      8	   1568	   2904	    b58	STM32F103C6.elf
Finished building: default.size.stdout
 
Finished building: STM32F103C6.list
 
03:57:28 **** Incremental Build of configuration Debug for project STM32F103C6 ****
make -j6 all 
arm-none-eabi-gcc -gdwarf-2 "../Src/main.c" -mcpu=cortex-m3 -std=gnu11 -g3 -DDEBUG -DSTM32 -DSTM32F1 -DSTM32F103C6Tx -c -I../Inc -I"F:/Git_Hub/Embedded-Systems/Embedded-Systems/Drivers/STM32F103C6/HAL/HAL_Includes" -I"F:/Git_Hub/Embedded-Systems/Embedded-Systems/Drivers/STM32F103C6/MCAL/MCAL_Includes" -O0 -ffunction-sections -fdata-sections -Wall -fstack-usage -MMD -MP -MF"Src/main.d" -MT"Src/main.o" --specs=nano.specs -mfloat-abi=soft -mthumb -o "Src/main.o"
arm-none-eabi-gcc -gdwarf-2 "../MCAL/GPIO/gpio.c" -mcpu=cortex-m3 -std=gnu11 -g3 -DDEBUG -DSTM32 -DSTM32F1 -DSTM32F103C6Tx -c -I../Inc -I"F:/Git_Hub/Embedded-Systems/Embedded-Systems/Drivers/STM32F103C6/HAL/HAL_Includes" -I"F:/Git_Hub/Embedded-Systems/Embedded-Systems/Drivers/STM32F103C6/MCAL/MCAL_Includes" -O0 -ffunction-sections -fdata-sections -Wall -fstack-usage -MMD -MP -MF"MCAL/GPIO/gpio.d" -MT"MCAL/GPIO/gpio.o" --specs=nano.specs -mfloat-abi=soft -mthumb -o "MCAL/GPIO/gpio.o"
arm-none-eabi-gcc -gdwarf-2 "../MCAL/EXTI/EXTI.c" -mcpu=cortex-m3 -std=gnu11 -g3 -DDEBUG -DSTM32 -DSTM32F1 -DSTM32F103C6Tx -c -I../Inc -I"F:/Git_Hub/Embedded-Systems/Embedded-Systems/Drivers/STM32F103C6/HAL/HAL_Includes" -I"F:/Git_Hub/Embedded-Systems/Embedded-Systems/Drivers/STM32F103C6/MCAL/MCAL_Includes" -O0 -ffunction-sections -fdata-sections -Wall -fstack-usage -MMD -MP -MF"MCAL/EXTI/EXTI.d" -MT"MCAL/EXTI/EXTI.o" --specs=nano.specs -mfloat-abi=soft -mthumb -o "MCAL/EXTI/EXTI.o"
arm-none-eabi-gcc -gdwarf-2 "../HAL/Keypad/keypad.c" -mcpu=cortex-m3 -std=gnu11 -g3 -DDEBUG -DSTM32 -DSTM32F1 -DSTM32F103C6Tx -c -I../Inc -I"F:/Git_Hub/Embedded-Systems/Embedded-Systems/Drivers/STM32F103C6/HAL/HAL_Includes" -I"F:/Git_Hub/Embedded-Systems/Embedded-Systems/Drivers/STM32F103C6/MCAL/MCAL_Includes" -O0 -ffunction-sections -fdata-sections -Wall -fstack-usage -MMD -MP -MF"HAL/Keypad/keypad.d" -MT"HAL/Keypad/keypad.o" --specs=nano.specs -mfloat-abi=soft -mthumb -o "HAL/Keypad/keypad.o"
[...]
      |                 ^~~~~~
../MCAL/USART/usart.c:139:17: error: expected expression before 'uint16'
  139 |    USARTx->DR = uint16(pTX_buff&0xff);
      |                 ^~~~~~
../MCAL/USART/usart.c:145:17: error: expected expression before 'uint16'
  145 |    USARTx->DR = uint16(pTX_buff&0x1ff);
      |                 ^~~~~~
../MCAL/USART/usart.c:147:17: error: expected expression before 'uint16'
  147 |    USARTx->DR = uint16(pTX_buff&0xff);
      |                 ^~~~~~
../MCAL/USART/usart.c:153:17: error: expected expression before 'uint16'
  153 |    USARTx->DR = uint16(pTX_buff&0x1ff);
      |                 ^~~~~~
../MCAL/USART/usart.c:155:17: error: expected expression before 'uint16'
  155 |    USARTx->DR = uint16(pTX_buff&0xff);
      |                 ^~~~~~
make: *** [MCAL/USART/subdir.mk:19: MCAL/USART/usart.o] Error 1
"make -j6 all" terminated with exit code 2. Build might be incomplete.
07:14:07 **** Incremental Build of configuration Debug for project STM32F103C6 ****
make -j6 all 
arm-none-eabi-gcc -gdwarf-2 "../MCAL/USART/usart.c" -mcpu=cortex-m3 -std=gnu11 -g3 -DDEBUG -DSTM32 -DSTM32F1 -DSTM32F103C6Tx -c -I../Inc -I"F:/Git_Hub/Embedded-Systems/Embedded-Systems/Drivers/STM32F103C6/HAL/HAL_Includes" -I"F:/Git_Hub/Embedded-Systems/Embedded-Systems/Drivers/STM32F103C6/MCAL/MCAL_Includes" -O0 -ffunction-sections -fdata-sections -Wall -fstack-usage -MMD -MP -MF"MCAL/USART/usart.d" -MT"MCAL/USART/usart.o" --specs=nano.specs -mfloat-abi=soft -mthumb -o "MCAL/USART/usart.o"
arm-none-eabi-gcc -gdwarf-2 -o "STM32F103C6.elf" @"objects.list"   -mcpu=cortex-m3 -T"F:\Git_Hub\Embedded-Systems\Embedded-Systems\Drivers\STM32F103C6\STM32F103C6TX_FLASH.ld" --specs=nosys.specs -Wl,-Map="STM32F103C6.map" -Wl,--gc-sections -static --specs=nano.specs -mfloat-abi=soft -mthumb -Wl,--start-group -lc -lm -Wl,--end-group
Finished building target: STM32F103C6.elf
 
arm-none-eabi-size   STM32F103C6.elf 
arm-none-eabi-objdump -h -S  STM32F103C6.elf  > "STM32F103C6.list"
   text	   data	    bss	    dec	    hex	filename
   3544	      8	   1640	   5192	   1448	STM32F103C6.elf
Finished building: default.size.stdout
 
Finished building: STM32F103C6.list
 
07:44:08 **** Incremental Build of configuration Debug for project STM32F103C6 ****
make -j6 all 
arm-none-eabi-gcc -gdwarf-2 "../MCAL/USART/usart.c" -mcpu=cortex-m3 -std=gnu11 -g3 -DDEBUG -DSTM32 -DSTM32F1 -DSTM32F103C6Tx -c -I../Inc -I"F:/Git_Hub/Embedded-Systems/Embedded-Systems/Drivers/STM32F103C6/HAL/HAL_Includes" -I"F:/Git_Hub/Embedded-Systems/Embedded-Systems/Drivers/STM32F103C6/MCAL/MCAL_Includes" -O0 -ffunction-sections -fdata-sections -Wall -fstack-usage -MMD -MP -MF"MCAL/USART/usart.d" -MT"MCAL/USART/usart.o" --specs=nano.specs -mfloat-abi=soft -mthumb -o "MCAL/USART/usart.o"
In file included from ../MCAL/USART/usart.c:8:
../MCAL/USART/usart.c: In function 'MCAL_USART_Receive':
F:/Git_Hub/Embedded-Systems/Embedded-Systems/Drivers/STM32F103C6/MCAL/MCAL_Includes/usart.h:83:34: error: expected expression before 'uint32'
   83 | #define Parity_State_None        uint32(00<<9)
      |                                  ^~~~~~
../MCAL/USART/usart.c:184:31: note: in expansion of macro 'Parity_State_None'
  184 |    if(g_USARt_CFG[0]->parity==Parity_State_None)
      |                               ^~~~~~~~~~~~~~~~~
F:/Git_Hub/Embedded-Systems/Embedded-Systems/Drivers/STM32F103C6/MCAL/MCAL_Includes/usart.h:83:34: error: expected expression before 'uint32'
   83 | #define Parity_State_None        uint32(00<<9)
      |                                  ^~~~~~
../MCAL/USART/usart.c:191:31: note: in expansion of macro 'Parity_State_None'
  191 |    if(g_USARt_CFG[0]->parity==Parity_State_None)
      |                               ^~~~~~~~~~~~~~~~~
make: *** [MCAL/USART/subdir.mk:19: MCAL/USART/usart.o] Error 1
"make -j6 all" terminated with exit code 2. Build might be incomplete.
07:44:36 **** Incremental Build of configuration Debug for project STM32F103C6 ****
make -j6 all 
arm-none-eabi-gcc -gdwarf-2 "../MCAL/USART/usart.c" -mcpu=cortex-m3 -std=gnu11 -g3 -DDEBUG -DSTM32 -DSTM32F1 -DSTM32F103C6Tx -c -I../Inc -I"F:/Git_Hub/Embedded-Systems/Embedded-Systems/Drivers/STM32F103C6/HAL/HAL_Includes" -I"F:/Git_Hub/Embedded-Systems/Embedded-Systems/Drivers/STM32F103C6/MCAL/MCAL_Includes" -O0 -ffunction-sections -fdata-sections -Wall -fstack-usage -MMD -MP -MF"MCAL/USART/usart.d" -MT"MCAL/USART/usart.o" --specs=nano.specs -mfloat-abi=soft -mthumb -o "MCAL/USART/usart.o"
arm-none-eabi-gcc -gdwarf-2 -o "STM32F103C6.elf" @"objects.list"   -mcpu=cortex-m3 -T"F:\Git_Hub\Embedded-Systems\Embedded-Systems\Drivers\STM32F103C6\STM32F103C6TX_FLASH.ld" --specs=nosys.specs -Wl,-Map="STM32F103C6.map" -Wl,--gc-sections -static --specs=nano.specs -mfloat-abi=soft -mthumb -Wl,--start-group -lc -lm -Wl,--end-group
Finished building target: STM32F103C6.elf
 
arm-none-eabi-size   STM32F103C6.elf 
arm-none-eabi-objdump -h -S  STM32F103C6.elf  > "STM32F103C6.list"
   text	   data	    bss	    dec	    hex	filename
   3544	      8	   1640	   5192	   1448	STM32F103C6.elf
Finished building: default.size.stdout
 
Finished building: STM32F103C6.list
 
07:46:32 **** Incremental Build of configuration Debug for project STM32F103C6 ****
make -j6 all 
arm-none-eabi-gcc -gdwarf-2 "../MCAL/USART/usart.c" -mcpu=cortex-m3 -std=gnu11 -g3 -DDEBUG -DSTM32 -DSTM32F1 -DSTM32F103C6Tx -c -I../Inc -I"F:/Git_Hub/Embedded-Systems/Embedded-Systems/Drivers/STM32F103C6/HAL/HAL_Includes" -I"F:/Git_Hub/Embedded-Systems/Embedded-Systems/Drivers/STM32F103C6/MCAL/MCAL_Includes" -O0 -ffunction-sections -fdata-sections -Wall -fstack-usage -MMD -MP -MF"MCAL/USART/usart.d" -MT"MCAL/USART/usart.o" --specs=nano.specs -mfloat-abi=soft -mthumb -o "MCAL/USART/usart.o"
arm-none-eabi-gcc -gdwarf-2 -o "STM32F103C6.elf" @"objects.list"   -mcpu=cortex-m3 -T"F:\Git_Hub\Embedded-Systems\Embedded-Systems\Drivers\STM32F103C6\STM32F103C6TX_FLASH.ld" --specs=nosys.specs -Wl,-Map="STM32F103C6.map" -Wl,--gc-sections -static --specs=nano.specs -mfloat-abi=soft -mthumb -Wl,--start-group -lc -lm -Wl,--end-group
Finished building target: STM32F103C6.elf
 
arm-none-eabi-size   STM32F103C6.elf 
arm-none-eabi-objdump -h -S  STM32F103C6.elf  > "STM32F103C6.list"
   text	   data	    bss	    dec	    hex	filename
   3544	      8	   1640	   5192	   1448	STM32F103C6.elf
Finished building: default.size.stdout
 
Finished building: STM32F103C6.list
 
23:53:12 **** Incremental Build of configuration Debug for project STM32F103C6 ****
make -j6 all 
arm-none-eabi-gcc -gdwarf-2 "../Src/main.c" -mcpu=cortex-m3 -std=gnu11 -g3 -DDEBUG -DSTM32 -DSTM32F1 -DSTM32F103C6Tx -c -I../Inc -I"F:/Git_Hub/Embedded-Systems/Embedded-Systems/Drivers/STM32F103C6/HAL/HAL_Includes" -I"F:/Git_Hub/Embedded-Systems/Embedded-Systems/Drivers/STM32F103C6/MCAL/MCAL_Includes" -O0 -ffunction-sections -fdata-sections -Wall -fstack-usage -MMD -MP -MF"Src/main.d" -MT"Src/main.o" --specs=nano.specs -mfloat-abi=soft -mthumb -o "Src/main.o"
arm-none-eabi-gcc -gdwarf-2 "../MCAL/USART/usart.c" -mcpu=cortex-m3 -std=gnu11 -g3 -DDEBUG -DSTM32 -DSTM32F1 -DSTM32F103C6Tx -c -I../Inc -I"F:/Git_Hub/Embedded-Systems/Embedded-Systems/Drivers/STM32F103C6/HAL/HAL_Includes" -I"F:/Git_Hub/Embedded-Systems/Embedded-Systems/Drivers/STM32F103C6/MCAL/MCAL_Includes" -O0 -ffunction-sections -fdata-sections -Wall -fstack-usage -MMD -MP -MF"MCAL/USART/usart.d" -MT"MCAL/USART/usart.o" --specs=nano.specs -mfloat-abi=soft -mthumb -o "MCAL/USART/usart.o"
arm-none-eabi-gcc -gdwarf-2 "../MCAL/RCC/RCC.c" -mcpu=cortex-m3 -std=gnu11 -g3 -DDEBUG -DSTM32 -DSTM32F1 -DSTM32F103C6Tx -c -I../Inc -I"F:/Git_Hub/Embedded-Systems/Embedded-Systems/Drivers/STM32F103C6/HAL/HAL_Includes" -I"F:/Git_Hub/Embedded-Systems/Embedded-Systems/Drivers/STM32F103C6/MCAL/MCAL_Includes" -O0 -ffunction-sections -fdata-sections -Wall -fstack-usage -MMD -MP -MF"MCAL/RCC/RCC.d" -MT"MCAL/RCC/RCC.o" --specs=nano.specs -mfloat-abi=soft -mthumb -o "MCAL/RCC/RCC.o"
arm-none-eabi-gcc -gdwarf-2 "../MCAL/GPIO/gpio.c" -mcpu=cortex-m3 -std=gnu11 -g3 -DDEBUG -DSTM32 -DSTM32F1 -DSTM32F103C6Tx -c -I../Inc -I"F:/Git_Hub/Embedded-Systems/Embedded-Systems/Drivers/STM32F103C6/HAL/HAL_Includes" -I"F:/Git_Hub/Embedded-Systems/Embedded-Systems/Drivers/STM32F103C6/MCAL/MCAL_Includes" -O0 -ffunction-sections -fdata-sections -Wall -fstack-usage -MMD -MP -MF"MCAL/GPIO/gpio.d" -MT"MCAL/GPIO/gpio.o" --specs=nano.specs -mfloat-abi=soft -mthumb -o "MCAL/GPIO/gpio.o"
arm-none-eabi-gcc -gdwarf-2 "../MCAL/EXTI/EXTI.c" -mcpu=cortex-m3 -std=gnu11 -g3 -DDEBUG -DSTM32 -DSTM32F1 -DSTM32F103C6Tx -c -I../Inc -I"F:/Git_Hub/Embedded-Systems/Embedded-Systems/Drivers/STM32F103C6/HAL/HAL_Includes" -I"F:/Git_Hub/Embedded-Systems/Embedded-Systems/Drivers/STM32F103C6/MCAL/MCAL_Includes" -O0 -ffunction-sections -fdata-sections -Wall -fstack-usage -MMD -MP -MF"MCAL/EXTI/EXTI.d" -MT"MCAL/EXTI/EXTI.o" --specs=nano.specs -mfloat-abi=soft -mthumb -o "MCAL/EXTI/EXTI.o"
arm-none-eabi-gcc -gdwarf-2 "../HAL/LCD/lcd.c" -mcpu=cortex-m3 -std=gnu11 -g3 -DDEBUG -DSTM32 -DSTM32F1 -DSTM32F103C6Tx -c -I../Inc -I"F:/Git_Hub/Embedded-Systems/Embedded-Systems/Drivers/STM32F103C6/HAL/HAL_Includes" -I"F:/Git_Hub/Embedded-Systems/Embedded-Systems/Drivers/STM32F103C6/MCAL/MCAL_Includes" -O0 -ffunction-sections -fdata-sections -Wall -fstack-usage -MMD -MP -MF"HAL/LCD/lcd.d" -MT"HAL/LCD/lcd.o" --specs=nano.specs -mfloat-abi=soft -mthumb -o "HAL/LCD/lcd.o"
arm-none-eabi-gcc -gdwarf-2 "../HAL/Keypad/keypad.c" -mcpu=cortex-m3 -std=gnu11 -g3 -DDEBUG -DSTM32 -DSTM32F1 -DSTM32F103C6Tx -c -I../Inc -I"F:/Git_Hub/Embedded-Systems/Embedded-Systems/Drivers/STM32F103C6/HAL/HAL_Includes" -I"F:/Git_Hub/Embedded-Systems/Embedded-Systems/Drivers/STM32F103C6/MCAL/MCAL_Includes" -O0 -ffunction-sections -fdata-sections -Wall -fstack-usage -MMD -MP -MF"HAL/Keypad/keypad.d" -MT"HAL/Keypad/keypad.o" --specs=nano.specs -mfloat-abi=soft -mthumb -o "HAL/Keypad/keypad.o"
arm-none-eabi-gcc -gdwarf-2 -o "STM32F103C6.elf" @"objects.list"   -mcpu=cortex-m3 -T"F:\Git_Hub\Embedded-Systems\Embedded-Systems\Drivers\STM32F103C6\STM32F103C6TX_FLASH.ld" --specs=nosys.specs -Wl,-Map="STM32F103C6.map" -Wl,--gc-sections -static --specs=nano.specs -mfloat-abi=soft -mthumb -Wl,--start-group -lc -lm -Wl,--end-group
Finished building target: STM32F103C6.elf
 
arm-none-eabi-size   STM32F103C6.elf 
arm-none-eabi-objdump -h -S  STM32F103C6.elf  > "STM32F103C6.list"
   text	   data	    bss	    dec	    hex	filename
   3544	      8	   1640	   5192	   1448	STM32F103C6.elf
Finished building: default.size.stdout
 
Finished building: STM32F103C6.list
 
23:56:40 **** Incremental Build of configuration Debug for project STM32F103C6 ****
make -j6 all 
arm-none-eabi-gcc -gdwarf-2 "../MCAL/USART/usart.c" -mcpu=cortex-m3 -std=gnu11 -g3 -DDEBUG -DSTM32 -DSTM32F1 -DSTM32F103C6Tx -c -I../Inc -I"F:/Git_Hub/Embedded-Systems/Embedded-Systems/Drivers/STM32F103C6/HAL/HAL_Includes" -I"F:/Git_Hub/Embedded-Systems/Embedded-Systems/Drivers/STM32F103C6/MCAL/MCAL_Includes" -O0 -ffunction-sections -fdata-sections -Wall -fstack-usage -MMD -MP -MF"MCAL/USART/usart.d" -MT"MCAL/USART/usart.o" --specs=nano.specs -mfloat-abi=soft -mthumb -o "MCAL/USART/usart.o"
../MCAL/USART/usart.c: In function 'MCAL_USART_GPIO_SetPins':
../MCAL/USART/usart.c:266:20: error: redeclaration of 'GPIO_USART1_PinCFG' with no linkage
  266 |   GPIO_PinConfig_t GPIO_USART1_PinCFG;
      |                    ^~~~~~~~~~~~~~~~~~
../MCAL/USART/usart.c:260:20: note: previous declaration of 'GPIO_USART1_PinCFG' was here
  260 |   GPIO_PinConfig_t GPIO_USART1_PinCFG;
      |                    ^~~~~~~~~~~~~~~~~~
../MCAL/USART/usart.c:271:20: error: redeclaration of 'GPIO_USART1_PinCFG' with no linkage
  271 |   GPIO_PinConfig_t GPIO_USART1_PinCFG;
      |                    ^~~~~~~~~~~~~~~~~~
../MCAL/USART/usart.c:266:20: note: previous declaration of 'GPIO_USART1_PinCFG' was here
  266 |   GPIO_PinConfig_t GPIO_USART1_PinCFG;
      |                    ^~~~~~~~~~~~~~~~~~
../MCAL/USART/usart.c:276:20: error: redeclaration of 'GPIO_USART1_PinCFG' with no linkage
  276 |   GPIO_PinConfig_t GPIO_USART1_PinCFG;
      |                    ^~~~~~~~~~~~~~~~~~
../MCAL/USART/usart.c:271:20: note: previous declaration of 'GPIO_USART1_PinCFG' was here
  271 |   GPIO_PinConfig_t GPIO_USART1_PinCFG;
      |                    ^~~~~~~~~~~~~~~~~~
make: *** [MCAL/USART/subdir.mk:19: MCAL/USART/usart.o] Error 1
"make -j6 all" terminated with exit code 2. Build might be incomplete.
23:57:04 **** Incremental Build of configuration Debug for project STM32F103C6 ****
make -j6 all 
arm-none-eabi-gcc -gdwarf-2 "../MCAL/USART/usart.c" -mcpu=cortex-m3 -std=gnu11 -g3 -DDEBUG -DSTM32 -DSTM32F1 -DSTM32F103C6Tx -c -I../Inc -I"F:/Git_Hub/Embedded-Systems/Embedded-Systems/Drivers/STM32F103C6/HAL/HAL_Includes" -I"F:/Git_Hub/Embedded-Systems/Embedded-Systems/Drivers/STM32F103C6/MCAL/MCAL_Includes" -O0 -ffunction-sections -fdata-sections -Wall -fstack-usage -MMD -MP -MF"MCAL/USART/usart.d" -MT"MCAL/USART/usart.o" --specs=nano.specs -mfloat-abi=soft -mthumb -o "MCAL/USART/usart.o"
arm-none-eabi-gcc -gdwarf-2 -o "STM32F103C6.elf" @"objects.list"   -mcpu=cortex-m3 -T"F:\Git_Hub\Embedded-Systems\Embedded-Systems\Drivers\STM32F103C6\STM32F103C6TX_FLASH.ld" --specs=nosys.specs -Wl,-Map="STM32F103C6.map" -Wl,--gc-sections -static --specs=nano.specs -mfloat-abi=soft -mthumb -Wl,--start-group -lc -lm -Wl,--end-group
Finished building target: STM32F103C6.elf
 
arm-none-eabi-size   STM32F103C6.elf 
arm-none-eabi-objdump -h -S  STM32F103C6.elf  > "STM32F103C6.list"
   text	   data	    bss	    dec	    hex	filename
   3544	      8	   1640	   5192	   1448	STM32F103C6.elf
Finished building: default.size.stdout
 
Finished building: STM32F103C6.list
 
00:02:49 **** Incremental Build of configuration Debug for project STM32F103C6 ****
make -j6 all 
arm-none-eabi-gcc -gdwarf-2 "../MCAL/USART/usart.c" -mcpu=cortex-m3 -std=gnu11 -g3 -DDEBUG -DSTM32 -DSTM32F1 -DSTM32F103C6Tx -c -I../Inc -I"F:/Git_Hub/Embedded-Systems/Embedded-Systems/Drivers/STM32F103C6/HAL/HAL_Includes" -I"F:/Git_Hub/Embedded-Systems/Embedded-Systems/Drivers/STM32F103C6/MCAL/MCAL_Includes" -O0 -ffunction-sections -fdata-sections -Wall -fstack-usage -MMD -MP -MF"MCAL/USART/usart.d" -MT"MCAL/USART/usart.o" --specs=nano.specs -mfloat-abi=soft -mthumb -o "MCAL/USART/usart.o"
../MCAL/USART/usart.c: In function 'MCAL_USART_GPIO_SetPins':
../MCAL/USART/usart.c:290:3: error: 'GPIO_USART1_PinCFG' undeclared (first use in this function); did you mean 'GPIO_USART2_PinCFG'?
  290 |   GPIO_USART1_PinCFG.GPIO_PINNumber=GPIO_PIN2;
      |   ^~~~~~~~~~~~~~~~~~
      |   GPIO_USART2_PinCFG
../MCAL/USART/usart.c:290:3: note: each undeclared identifier is reported only once for each function it appears in
make: *** [MCAL/USART/subdir.mk:19: MCAL/USART/usart.o] Error 1
"make -j6 all" terminated with exit code 2. Build might be incomplete.
00:03:53 **** Incremental Build of configuration Debug for project STM32F103C6 ****
make -j6 all 
arm-none-eabi-gcc -gdwarf-2 "../MCAL/USART/usart.c" -mcpu=cortex-m3 -std=gnu11 -g3 -DDEBUG -DSTM32 -DSTM32F1 -DSTM32F103C6Tx -c -I../Inc -I"F:/Git_Hub/Embedded-Systems/Embedded-Systems/Drivers/STM32F103C6/HAL/HAL_Includes" -I"F:/Git_Hub/Embedded-Systems/Embedded-Systems/Drivers/STM32F103C6/MCAL/MCAL_Includes" -O0 -ffunction-sections -fdata-sections -Wall -fstack-usage -MMD -MP -MF"MCAL/USART/usart.d" -MT"MCAL/USART/usart.o" --specs=nano.specs -mfloat-abi=soft -mthumb -o "MCAL/USART/usart.o"
arm-none-eabi-gcc -gdwarf-2 -o "STM32F103C6.elf" @"objects.list"   -mcpu=cortex-m3 -T"F:\Git_Hub\Embedded-Systems\Embedded-Systems\Drivers\STM32F103C6\STM32F103C6TX_FLASH.ld" --specs=nosys.specs -Wl,-Map="STM32F103C6.map" -Wl,--gc-sections -static --specs=nano.specs -mfloat-abi=soft -mthumb -Wl,--start-group -lc -lm -Wl,--end-group
Finished building target: STM32F103C6.elf
 
arm-none-eabi-size   STM32F103C6.elf 
arm-none-eabi-objdump -h -S  STM32F103C6.elf  > "STM32F103C6.list"
   text	   data	    bss	    dec	    hex	filename
   3544	      8	   1640	   5192	   1448	STM32F103C6.elf
Finished building: default.size.stdout
 
Finished building: STM32F103C6.list
 
00:30:06 **** Incremental Build of configuration Debug for project STM32F103C6 ****
make -j6 all 
arm-none-eabi-gcc -gdwarf-2 "../MCAL/USART/usart.c" -mcpu=cortex-m3 -std=gnu11 -g3 -DDEBUG -DSTM32 -DSTM32F1 -DSTM32F103C6Tx -c -I../Inc -I"F:/Git_Hub/Embedded-Systems/Embedded-Systems/Drivers/STM32F103C6/HAL/HAL_Includes" -I"F:/Git_Hub/Embedded-Systems/Embedded-Systems/Drivers/STM32F103C6/MCAL/MCAL_Includes" -O0 -ffunction-sections -fdata-sections -Wall -fstack-usage -MMD -MP -MF"MCAL/USART/usart.d" -MT"MCAL/USART/usart.o" --specs=nano.specs -mfloat-abi=soft -mthumb -o "MCAL/USART/usart.o"
../MCAL/USART/usart.c:345:6: error: redefinition of 'USART1_IRQHandler'
  345 | void USART1_IRQHandler (void)
      |      ^~~~~~~~~~~~~~~~~
../MCAL/USART/usart.c:341:6: note: previous definition of 'USART1_IRQHandler' was here
  341 | void USART1_IRQHandler (void)
      |      ^~~~~~~~~~~~~~~~~
../MCAL/USART/usart.c:348:6: error: redefinition of 'USART1_IRQHandler'
  348 | void USART1_IRQHandler (void)
      |      ^~~~~~~~~~~~~~~~~
../MCAL/USART/usart.c:341:6: note: previous definition of 'USART1_IRQHandler' was here
  341 | void USART1_IRQHandler (void)
      |      ^~~~~~~~~~~~~~~~~
make: *** [MCAL/USART/subdir.mk:19: MCAL/USART/usart.o] Error 1
"make -j6 all" terminated with exit code 2. Build might be incomplete.
00:30:22 **** Incremental Build of configuration Debug for project STM32F103C6 ****
make -j6 all 
arm-none-eabi-gcc -gdwarf-2 "../MCAL/USART/usart.c" -mcpu=cortex-m3 -std=gnu11 -g3 -DDEBUG -DSTM32 -DSTM32F1 -DSTM32F103C6Tx -c -I../Inc -I"F:/Git_Hub/Embedded-Systems/Embedded-Systems/Drivers/STM32F103C6/HAL/HAL_Includes" -I"F:/Git_Hub/Embedded-Systems/Embedded-Systems/Drivers/STM32F103C6/MCAL/MCAL_Includes" -O0 -ffunction-sections -fdata-sections -Wall -fstack-usage -MMD -MP -MF"MCAL/USART/usart.d" -MT"MCAL/USART/usart.o" --specs=nano.specs -mfloat-abi=soft -mthumb -o "MCAL/USART/usart.o"
arm-none-eabi-gcc -gdwarf-2 -o "STM32F103C6.elf" @"objects.list"   -mcpu=cortex-m3 -T"F:\Git_Hub\Embedded-Systems\Embedded-Systems\Drivers\STM32F103C6\STM32F103C6TX_FLASH.ld" --specs=nosys.specs -Wl,-Map="STM32F103C6.map" -Wl,--gc-sections -static --specs=nano.specs -mfloat-abi=soft -mthumb -Wl,--start-group -lc -lm -Wl,--end-group
Finished building target: STM32F103C6.elf
 
arm-none-eabi-size   STM32F103C6.elf 
arm-none-eabi-objdump -h -S  STM32F103C6.elf  > "STM32F103C6.list"
   text	   data	    bss	    dec	    hex	filename
   3580	      8	   1640	   5228	   146c	STM32F103C6.elf
Finished building: default.size.stdout
 
Finished building: STM32F103C6.list
 
00:54:40 **** Incremental Build of configuration Debug for project STM32F103C6 ****
make -j6 all 
arm-none-eabi-gcc -gdwarf-2 "../MCAL/USART/usart.c" -mcpu=cortex-m3 -std=gnu11 -g3 -DDEBUG -DSTM32 -DSTM32F1 -DSTM32F103C6Tx -c -I../Inc -I"F:/Git_Hub/Embedded-Systems/Embedded-Systems/Drivers/STM32F103C6/HAL/HAL_Includes" -I"F:/Git_Hub/Embedded-Systems/Embedded-Systems/Drivers/STM32F103C6/MCAL/MCAL_Includes" -O0 -ffunction-sections -fdata-sections -Wall -fstack-usage -MMD -MP -MF"MCAL/USART/usart.d" -MT"MCAL/USART/usart.o" --specs=nano.specs -mfloat-abi=soft -mthumb -o "MCAL/USART/usart.o"
arm-none-eabi-gcc -gdwarf-2 -o "STM32F103C6.elf" @"objects.list"   -mcpu=cortex-m3 -T"F:\Git_Hub\Embedded-Systems\Embedded-Systems\Drivers\STM32F103C6\STM32F103C6TX_FLASH.ld" --specs=nosys.specs -Wl,-Map="STM32F103C6.map" -Wl,--gc-sections -static --specs=nano.specs -mfloat-abi=soft -mthumb -Wl,--start-group -lc -lm -Wl,--end-group
Finished building target: STM32F103C6.elf
 
arm-none-eabi-size   STM32F103C6.elf 
arm-none-eabi-objdump -h -S  STM32F103C6.elf  > "STM32F103C6.list"
   text	   data	    bss	    dec	    hex	filename
   3604	      8	   1648	   5260	   148c	STM32F103C6.elf
Finished building: default.size.stdout
 
Finished building: STM32F103C6.list
 
