00:54:40 **** Incremental Build of configuration Debug for project STM32F103C6 ****
make -j6 all 
arm-none-eabi-gcc -gdwarf-2 "../MCAL/USART/usart.c" -mcpu=cortex-m3 -std=gnu11 -g3 -DDEBUG -DSTM32 -DSTM32F1 -DSTM32F103C6Tx -c -I../Inc -I"F:/Git_Hub/Embedded-Systems/Embedded-Systems/Drivers/STM32F103C6/HAL/HAL_Includes" -I"F:/Git_Hub/Embedded-Systems/Embedded-Systems/Drivers/STM32F103C6/MCAL/MCAL_Includes" -O0 -ffunction-sections -fdata-sections -Wall -fstack-usage -MMD -MP -MF"MCAL/USART/usart.d" -MT"MCAL/USART/usart.o" --specs=nano.specs -mfloat-abi=soft -mthumb -o "MCAL/USART/usart.o"
arm-none-eabi-gcc -gdwarf-2 -o "STM32F103C6.elf" @"objects.list"   -mcpu=cortex-m3 -T"F:\Git_Hub\Embedded-Systems\Embedded-Systems\Drivers\STM32F103C6\STM32F103C6TX_FLASH.ld" --specs=nosys.specs -Wl,-Map="STM32F103C6.map" -Wl,--gc-sections -static --specs=nano.specs -mfloat-abi=soft -mthumb -Wl,--start-group -lc -lm -Wl,--end-group
Finished building target: STM32F103C6.elf
 
arm-none-eabi-size   STM32F103C6.elf 
arm-none-eabi-objdump -h -S  STM32F103C6.elf  > "STM32F103C6.list"
   text	   data	    bss	    dec	    hex	filename
   3604	      8	   1648	   5260	   148c	STM32F103C6.elf
Finished building: default.size.stdout
 
Finished building: STM32F103C6.list
 

00:54:46 Build Finished. 0 errors, 0 warnings. (took 5s.785ms)

