../MCAL/EXTI/EXTI.c:28:6:NVIC_Enable	16	static
../MCAL/EXTI/EXTI.c:66:6:NVIC_Disable	16	static
../MCAL/EXTI/EXTI.c:103:6:EXTI_Update	24	static
../MCAL/EXTI/EXTI.c:153:6:MCAL_EXTI_Init	16	static
../MCAL/EXTI/EXTI.c:166:6:MCAL_EXTI_Update	16	static
../MCAL/EXTI/EXTI.c:179:6:MCAL_EXTI_DeInit	4	static
../MCAL/EXTI/EXTI.c:200:6:EXTI0_IRQHandler	8	static
../MCAL/EXTI/EXTI.c:206:6:EXTI1_IRQHandler	8	static
../MCAL/EXTI/EXTI.c:212:6:EXTI2_IRQHandler	8	static
../MCAL/EXTI/EXTI.c:218:6:EXTI3_IRQHandler	8	static
../MCAL/EXTI/EXTI.c:224:6:EXTI4_IRQHandler	8	static
../MCAL/EXTI/EXTI.c:230:6:EXTI9_5_IRQHandler	8	static
../MCAL/EXTI/EXTI.c:260:6:EXTI15_10_IRQHandler	8	static
